Archive member included to satisfy reference by file (symbol)

c:/st/stm32cubeide_1.4.0/stm32cubeide/plugins/com.st.stm32cube.ide.mcu.externaltools.gnu-tools-for-stm32.7-2018-q2-update.win32_1.5.0.202011040924/tools/bin/../lib/gcc/arm-none-eabi/7.3.1/../../../../arm-none-eabi/lib/thumb/v7e-m/fpv4-sp/hard\libc_nano.a(lib_a-errno.o)
                              Core/Src/syscalls.o (__errno)
c:/st/stm32cubeide_1.4.0/stm32cubeide/plugins/com.st.stm32cube.ide.mcu.externaltools.gnu-tools-for-stm32.7-2018-q2-update.win32_1.5.0.202011040924/tools/bin/../lib/gcc/arm-none-eabi/7.3.1/../../../../arm-none-eabi/lib/thumb/v7e-m/fpv4-sp/hard\libc_nano.a(lib_a-exit.o)
                              c:/st/stm32cubeide_1.4.0/stm32cubeide/plugins/com.st.stm32cube.ide.mcu.externaltools.gnu-tools-for-stm32.7-2018-q2-update.win32_1.5.0.202011040924/tools/bin/../lib/gcc/arm-none-eabi/7.3.1/../../../../arm-none-eabi/lib/thumb/v7e-m/fpv4-sp/hard/crt0.o (exit)
c:/st/stm32cubeide_1.4.0/stm32cubeide/plugins/com.st.stm32cube.ide.mcu.externaltools.gnu-tools-for-stm32.7-2018-q2-update.win32_1.5.0.202011040924/tools/bin/../lib/gcc/arm-none-eabi/7.3.1/../../../../arm-none-eabi/lib/thumb/v7e-m/fpv4-sp/hard\libc_nano.a(lib_a-impure.o)
                              c:/st/stm32cubeide_1.4.0/stm32cubeide/plugins/com.st.stm32cube.ide.mcu.externaltools.gnu-tools-for-stm32.7-2018-q2-update.win32_1.5.0.202011040924/tools/bin/../lib/gcc/arm-none-eabi/7.3.1/../../../../arm-none-eabi/lib/thumb/v7e-m/fpv4-sp/hard\libc_nano.a(lib_a-exit.o) (_global_impure_ptr)
c:/st/stm32cubeide_1.4.0/stm32cubeide/plugins/com.st.stm32cube.ide.mcu.externaltools.gnu-tools-for-stm32.7-2018-q2-update.win32_1.5.0.202011040924/tools/bin/../lib/gcc/arm-none-eabi/7.3.1/../../../../arm-none-eabi/lib/thumb/v7e-m/fpv4-sp/hard\libc_nano.a(lib_a-init.o)
                              c:/st/stm32cubeide_1.4.0/stm32cubeide/plugins/com.st.stm32cube.ide.mcu.externaltools.gnu-tools-for-stm32.7-2018-q2-update.win32_1.5.0.202011040924/tools/bin/../lib/gcc/arm-none-eabi/7.3.1/../../../../arm-none-eabi/lib/thumb/v7e-m/fpv4-sp/hard/crt0.o (__libc_init_array)
c:/st/stm32cubeide_1.4.0/stm32cubeide/plugins/com.st.stm32cube.ide.mcu.externaltools.gnu-tools-for-stm32.7-2018-q2-update.win32_1.5.0.202011040924/tools/bin/../lib/gcc/arm-none-eabi/7.3.1/../../../../arm-none-eabi/lib/thumb/v7e-m/fpv4-sp/hard\libc_nano.a(lib_a-itoa.o)
                              Core/Src/i2c-lcd.o (itoa)
c:/st/stm32cubeide_1.4.0/stm32cubeide/plugins/com.st.stm32cube.ide.mcu.externaltools.gnu-tools-for-stm32.7-2018-q2-update.win32_1.5.0.202011040924/tools/bin/../lib/gcc/arm-none-eabi/7.3.1/../../../../arm-none-eabi/lib/thumb/v7e-m/fpv4-sp/hard\libc_nano.a(lib_a-memset.o)
                              c:/st/stm32cubeide_1.4.0/stm32cubeide/plugins/com.st.stm32cube.ide.mcu.externaltools.gnu-tools-for-stm32.7-2018-q2-update.win32_1.5.0.202011040924/tools/bin/../lib/gcc/arm-none-eabi/7.3.1/../../../../arm-none-eabi/lib/thumb/v7e-m/fpv4-sp/hard/crt0.o (memset)
c:/st/stm32cubeide_1.4.0/stm32cubeide/plugins/com.st.stm32cube.ide.mcu.externaltools.gnu-tools-for-stm32.7-2018-q2-update.win32_1.5.0.202011040924/tools/bin/../lib/gcc/arm-none-eabi/7.3.1/../../../../arm-none-eabi/lib/thumb/v7e-m/fpv4-sp/hard\libc_nano.a(lib_a-utoa.o)
                              c:/st/stm32cubeide_1.4.0/stm32cubeide/plugins/com.st.stm32cube.ide.mcu.externaltools.gnu-tools-for-stm32.7-2018-q2-update.win32_1.5.0.202011040924/tools/bin/../lib/gcc/arm-none-eabi/7.3.1/../../../../arm-none-eabi/lib/thumb/v7e-m/fpv4-sp/hard\libc_nano.a(lib_a-itoa.o) (__utoa)
c:/st/stm32cubeide_1.4.0/stm32cubeide/plugins/com.st.stm32cube.ide.mcu.externaltools.gnu-tools-for-stm32.7-2018-q2-update.win32_1.5.0.202011040924/tools/bin/../lib/gcc/arm-none-eabi/7.3.1/../../../../arm-none-eabi/lib/thumb/v7e-m/fpv4-sp/hard\libm.a(lib_a-w_log10.o)
                              Core/Src/i2c-lcd.o (log10)
c:/st/stm32cubeide_1.4.0/stm32cubeide/plugins/com.st.stm32cube.ide.mcu.externaltools.gnu-tools-for-stm32.7-2018-q2-update.win32_1.5.0.202011040924/tools/bin/../lib/gcc/arm-none-eabi/7.3.1/../../../../arm-none-eabi/lib/thumb/v7e-m/fpv4-sp/hard\libm.a(lib_a-w_pow.o)
                              Core/Src/libGlobal.o (pow)
c:/st/stm32cubeide_1.4.0/stm32cubeide/plugins/com.st.stm32cube.ide.mcu.externaltools.gnu-tools-for-stm32.7-2018-q2-update.win32_1.5.0.202011040924/tools/bin/../lib/gcc/arm-none-eabi/7.3.1/../../../../arm-none-eabi/lib/thumb/v7e-m/fpv4-sp/hard\libm.a(lib_a-e_log10.o)
                              c:/st/stm32cubeide_1.4.0/stm32cubeide/plugins/com.st.stm32cube.ide.mcu.externaltools.gnu-tools-for-stm32.7-2018-q2-update.win32_1.5.0.202011040924/tools/bin/../lib/gcc/arm-none-eabi/7.3.1/../../../../arm-none-eabi/lib/thumb/v7e-m/fpv4-sp/hard\libm.a(lib_a-w_log10.o) (__ieee754_log10)
[...]
Memory Configuration

Name             Origin             Length             Attributes
RAM              0x0000000020000000 0x0000000000020000 xrw
FLASH            0x0000000008000000 0x0000000000080000 xr
*default*        0x0000000000000000 0xffffffffffffffff

Linker script and memory map

LOAD c:/st/stm32cubeide_1.4.0/stm32cubeide/plugins/com.st.stm32cube.ide.mcu.externaltools.gnu-tools-for-stm32.7-2018-q2-update.win32_1.5.0.202011040924/tools/bin/../lib/gcc/arm-none-eabi/7.3.1/thumb/v7e-m/fpv4-sp/hard/crti.o
LOAD c:/st/stm32cubeide_1.4.0/stm32cubeide/plugins/com.st.stm32cube.ide.mcu.externaltools.gnu-tools-for-stm32.7-2018-q2-update.win32_1.5.0.202011040924/tools/bin/../lib/gcc/arm-none-eabi/7.3.1/thumb/v7e-m/fpv4-sp/hard/crtbegin.o
LOAD c:/st/stm32cubeide_1.4.0/stm32cubeide/plugins/com.st.stm32cube.ide.mcu.externaltools.gnu-tools-for-stm32.7-2018-q2-update.win32_1.5.0.202011040924/tools/bin/../lib/gcc/arm-none-eabi/7.3.1/../../../../arm-none-eabi/lib/thumb/v7e-m/fpv4-sp/hard/crt0.o
LOAD Core/Src/i2c-lcd.o
LOAD Core/Src/i2c-lidar.o
LOAD Core/Src/libBouton.o
LOAD Core/Src/libGlobal.o
LOAD Core/Src/main.o
LOAD Core/Src/stm32f4xx_hal_msp.o
LOAD Core/Src/stm32f4xx_it.o
LOAD Core/Src/syscalls.o
LOAD Core/Src/sysmem.o
LOAD Core/Src/system_stm32f4xx.o
LOAD Core/Startup/startup_stm32f411retx.o
LOAD Drivers/STM32F4xx_HAL_Driver/Src/stm32f4xx_hal.o
LOAD Drivers/STM32F4xx_HAL_Driver/Src/stm32f4xx_hal_cortex.o
LOAD Drivers/STM32F4xx_HAL_Driver/Src/stm32f4xx_hal_dma.o
LOAD Drivers/STM32F4xx_HAL_Driver/Src/stm32f4xx_hal_dma_ex.o
LOAD Drivers/STM32F4xx_HAL_Driver/Src/stm32f4xx_hal_exti.o
LOAD Drivers/STM32F4xx_HAL_Driver/Src/stm32f4xx_hal_flash.o
LOAD Drivers/STM32F4xx_HAL_Driver/Src/stm32f4xx_hal_flash_ex.o
LOAD Drivers/STM32F4xx_HAL_Driver/Src/stm32f4xx_hal_flash_ramfunc.o
LOAD Drivers/STM32F4xx_HAL_Driver/Src/stm32f4xx_hal_gpio.o
LOAD Drivers/STM32F4xx_HAL_Driver/Src/stm32f4xx_hal_i2c.o
LOAD Drivers/STM32F4xx_HAL_Driver/Src/stm32f4xx_hal_i2c_ex.o
LOAD Drivers/STM32F4xx_HAL_Driver/Src/stm32f4xx_hal_pwr.o
LOAD Drivers/STM32F4xx_HAL_Driver/Src/stm32f4xx_hal_pwr_ex.o
LOAD Drivers/STM32F4xx_HAL_Driver/Src/stm32f4xx_hal_rcc.o
LOAD Drivers/STM32F4xx_HAL_Driver/Src/stm32f4xx_hal_rcc_ex.o
LOAD Drivers/STM32F4xx_HAL_Driver/Src/stm32f4xx_hal_tim.o
LOAD Drivers/STM32F4xx_HAL_Driver/Src/stm32f4xx_hal_tim_ex.o
LOAD Drivers/STM32F4xx_HAL_Driver/Src/stm32f4xx_hal_uart.o
START GROUP
LOAD c:/st/stm32cubeide_1.4.0/stm32cubeide/plugins/com.st.stm32cube.ide.mcu.externaltools.gnu-tools-for-stm32.7-2018-q2-update.win32_1.5.0.202011040924/tools/bin/../lib/gcc/arm-none-eabi/7.3.1/../../../../arm-none-eabi/lib/thumb/v7e-m/fpv4-sp/hard\libc_nano.a
LOAD c:/st/stm32cubeide_1.4.0/stm32cubeide/plugins/com.st.stm32cube.ide.mcu.externaltools.gnu-tools-for-stm32.7-2018-q2-update.win32_1.5.0.202011040924/tools/bin/../lib/gcc/arm-none-eabi/7.3.1/../../../../arm-none-eabi/lib/thumb/v7e-m/fpv4-sp/hard\libm.a
END GROUP
START GROUP
LOAD c:/st/stm32cubeide_1.4.0/stm32cubeide/plugins/com.st.stm32cube.ide.mcu.externaltools.gnu-tools-for-stm32.7-2018-q2-update.win32_1.5.0.202011040924/tools/bin/../lib/gcc/arm-none-eabi/7.3.1/thumb/v7e-m/fpv4-sp/hard\libgcc.a
LOAD c:/st/stm32cubeide_1.4.0/stm32cubeide/plugins/com.st.stm32cube.ide.mcu.externaltools.gnu-tools-for-stm32.7-2018-q2-update.win32_1.5.0.202011040924/tools/bin/../lib/gcc/arm-none-eabi/7.3.1/../../../../arm-none-eabi/lib/thumb/v7e-m/fpv4-sp/hard\libc_nano.a
END GROUP
START GROUP
LOAD c:/st/stm32cubeide_1.4.0/stm32cubeide/plugins/com.st.stm32cube.ide.mcu.externaltools.gnu-tools-for-stm32.7-2018-q2-update.win32_1.5.0.202011040924/tools/bin/../lib/gcc/arm-none-eabi/7.3.1/thumb/v7e-m/fpv4-sp/hard\libgcc.a
LOAD c:/st/stm32cubeide_1.4.0/stm32cubeide/plugins/com.st.stm32cube.ide.mcu.externaltools.gnu-tools-for-stm32.7-2018-q2-update.win32_1.5.0.202011040924/tools/bin/../lib/gcc/arm-none-eabi/7.3.1/../../../../arm-none-eabi/lib/thumb/v7e-m/fpv4-sp/hard\libc_nano.a
LOAD c:/st/stm32cubeide_1.4.0/stm32cubeide/plugins/com.st.stm32cube.ide.mcu.externaltools.gnu-tools-for-stm32.7-2018-q2-update.win32_1.5.0.202011040924/tools/bin/../lib/gcc/arm-none-eabi/7.3.1/../../../../arm-none-eabi/lib/thumb/v7e-m/fpv4-sp/hard\libnosys.a
END GROUP
START GROUP
LOAD c:/st/stm32cubeide_1.4.0/stm32cubeide/plugins/com.st.stm32cube.ide.mcu.externaltools.gnu-tools-for-stm32.7-2018-q2-update.win32_1.5.0.202011040924/tools/bin/../lib/gcc/arm-none-eabi/7.3.1/thumb/v7e-m/fpv4-sp/hard\libgcc.a
LOAD c:/st/stm32cubeide_1.4.0/stm32cubeide/plugins/com.st.stm32cube.ide.mcu.externaltools.gnu-tools-for-stm32.7-2018-q2-update.win32_1.5.0.202011040924/tools/bin/../lib/gcc/arm-none-eabi/7.3.1/../../../../arm-none-eabi/lib/thumb/v7e-m/fpv4-sp/hard\libc_nano.a
LOAD c:/st/stm32cubeide_1.4.0/stm32cubeide/plugins/com.st.stm32cube.ide.mcu.externaltools.gnu-tools-for-stm32.7-2018-q2-update.win32_1.5.0.202011040924/tools/bin/../lib/gcc/arm-none-eabi/7.3.1/../../../../arm-none-eabi/lib/thumb/v7e-m/fpv4-sp/hard\libnosys.a
END GROUP
LOAD c:/st/stm32cubeide_1.4.0/stm32cubeide/plugins/com.st.stm32cube.ide.mcu.externaltools.gnu-tools-for-stm32.7-2018-q2-update.win32_1.5.0.202011040924/tools/bin/../lib/gcc/arm-none-eabi/7.3.1/thumb/v7e-m/fpv4-sp/hard/crtend.o
LOAD c:/st/stm32cubeide_1.4.0/stm32cubeide/plugins/com.st.stm32cube.ide.mcu.externaltools.gnu-tools-for-stm32.7-2018-q2-update.win32_1.5.0.202011040924/tools/bin/../lib/gcc/arm-none-eabi/7.3.1/thumb/v7e-m/fpv4-sp/hard/crtn.o
                0x0000000020020000                _estack = (ORIGIN (RAM) + LENGTH (RAM))
                0x0000000000000200                _Min_Heap_Size = 0x200
                0x0000000000000400                _Min_Stack_Size = 0x400

.isr_vector     0x0000000008000000      0x198
                0x0000000008000000                . = ALIGN (0x4)
 *(.isr_vector)
 .isr_vector    0x0000000008000000      0x198 Core/Startup/startup_stm32f411retx.o
                0x0000000008000000                g_pfnVectors
                0x0000000008000198                . = ALIGN (0x4)

.text           0x0000000008000198     0xa68c
                0x0000000008000198                . = ALIGN (0x4)
 *(.text)
 .text          0x0000000008000198       0x40 c:/st/stm32cubeide_1.4.0/stm32cubeide/plugins/com.st.stm32cube.ide.mcu.externaltools.gnu-tools-for-stm32.7-2018-q2-update.win32_1.5.0.202011040924/tools/bin/../lib/gcc/arm-none-eabi/7.3.1/thumb/v7e-m/fpv4-sp/hard/crtbegin.o
 .text          0x00000000080001d8      0x378 c:/st/stm32cubeide_1.4.0/stm32cubeide/plugins/com.st.stm32cube.ide.mcu.externaltools.gnu-tools-for-stm32.7-2018-q2-update.win32_1.5.0.202011040924/tools/bin/../lib/gcc/arm-none-eabi/7.3.1/thumb/v7e-m/fpv4-sp/hard\libgcc.a(_arm_addsubdf3.o)
                0x00000000080001d8                __aeabi_drsub
                0x00000000080001e0                __aeabi_dsub
                0x00000000080001e0                __subdf3
                0x00000000080001e4                __aeabi_dadd
                0x00000000080001e4                __adddf3
                0x000000000800045c                __floatunsidf
                0x000000000800045c                __aeabi_ui2d
                0x000000000800047c                __floatsidf
                0x000000000800047c                __aeabi_i2d
                0x00000000080004a0                __aeabi_f2d
                0x00000000080004a0                __extendsfdf2
                0x00000000080004e4                __floatundidf
                0x00000000080004e4                __aeabi_ul2d
                0x00000000080004f4                __floatdidf
                0x00000000080004f4                __aeabi_l2d
 .text          0x0000000008000550      0x424 c:/st/stm32cubeide_1.4.0/stm32cubeide/plugins/com.st.stm32cube.ide.mcu.externaltools.gnu-tools-for-stm32.7-2018-q2-update.win32_1.5.0.202011040924/tools/bin/../lib/gcc/arm-none-eabi/7.3.1/thumb/v7e-m/fpv4-sp/hard\libgcc.a(_arm_muldivdf3.o)
                0x0000000008000550                __aeabi_dmul
                0x0000000008000550                __muldf3
                0x00000000080007a4                __divdf3
                0x00000000080007a4                __aeabi_ddiv
 .text          0x0000000008000974      0x110 c:/st/stm32cubeide_1.4.0/stm32cubeide/plugins/com.st.stm32cube.ide.mcu.externaltools.gnu-tools-for-stm32.7-2018-q2-update.win32_1.5.0.202011040924/tools/bin/../lib/gcc/arm-none-eabi/7.3.1/thumb/v7e-m/fpv4-sp/hard\libgcc.a(_arm_cmpdf2.o)
                0x0000000008000974                __gtdf2
                0x0000000008000974                __gedf2
                0x000000000800097c                __ltdf2
                0x000000000800097c                __ledf2
                0x0000000008000984                __nedf2
                0x0000000008000984                __eqdf2
                0x0000000008000984                __cmpdf2
                0x0000000008000a00                __aeabi_cdrcmple
                0x0000000008000a10                __aeabi_cdcmpeq
                0x0000000008000a10                __aeabi_cdcmple
                0x0000000008000a20                __aeabi_dcmpeq
                0x0000000008000a34                __aeabi_dcmplt
                0x0000000008000a48                __aeabi_dcmple
                0x0000000008000a5c                __aeabi_dcmpge
                0x0000000008000a70                __aeabi_dcmpgt
 .text          0x0000000008000a84       0x2c c:/st/stm32cubeide_1.4.0/stm32cubeide/plugins/com.st.stm32cube.ide.mcu.externaltools.gnu-tools-for-stm32.7-2018-q2-update.win32_1.5.0.202011040924/tools/bin/../lib/gcc/arm-none-eabi/7.3.1/thumb/v7e-m/fpv4-sp/hard\libgcc.a(_arm_unorddf2.o)
                0x0000000008000a84                __unorddf2
                0x0000000008000a84                __aeabi_dcmpun
 .text          0x0000000008000ab0       0x50 c:/st/stm32cubeide_1.4.0/stm32cubeide/plugins/com.st.stm32cube.ide.mcu.externaltools.gnu-tools-for-stm32.7-2018-q2-update.win32_1.5.0.202011040924/tools/bin/../lib/gcc/arm-none-eabi/7.3.1/thumb/v7e-m/fpv4-sp/hard\libgcc.a(_arm_fixdfsi.o)
                0x0000000008000ab0                __aeabi_d2iz
                0x0000000008000ab0                __fixdfsi
 .text          0x0000000008000b00       0x40 c:/st/stm32cubeide_1.4.0/stm32cubeide/plugins/com.st.stm32cube.ide.mcu.externaltools.gnu-tools-for-stm32.7-2018-q2-update.win32_1.5.0.202011040924/tools/bin/../lib/gcc/arm-none-eabi/7.3.1/thumb/v7e-m/fpv4-sp/hard\libgcc.a(_arm_fixunsdfsi.o)
                0x0000000008000b00                __aeabi_d2uiz
                0x0000000008000b00                __fixunsdfsi
 .text          0x0000000008000b40       0x30 c:/st/stm32cubeide_1.4.0/stm32cubeide/plugins/com.st.stm32cube.ide.mcu.externaltools.gnu-tools-for-stm32.7-2018-q2-update.win32_1.5.0.202011040924/tools/bin/../lib/gcc/arm-none-eabi/7.3.1/thumb/v7e-m/fpv4-sp/hard\libgcc.a(_aeabi_uldivmod.o)
                0x0000000008000b40                __aeabi_uldivmod
 .text          0x0000000008000b70      0x2cc c:/st/stm32cubeide_1.4.0/stm32cubeide/plugins/com.st.stm32cube.ide.mcu.externaltools.gnu-tools-for-stm32.7-2018-q2-update.win32_1.5.0.202011040924/tools/bin/../lib/gcc/arm-none-eabi/7.3.1/thumb/v7e-m/fpv4-sp/hard\libgcc.a(_udivmoddi4.o)
                0x0000000008000b70                __udivmoddi4
 .text          0x0000000008000e3c        0x4 c:/st/stm32cubeide_1.4.0/stm32cubeide/plugins/com.st.stm32cube.ide.mcu.externaltools.gnu-tools-for-stm32.7-2018-q2-update.win32_1.5.0.202011040924/tools/bin/../lib/gcc/arm-none-eabi/7.3.1/thumb/v7e-m/fpv4-sp/hard\libgcc.a(_dvmd_tls.o)
                0x0000000008000e3c                __aeabi_idiv0
                0x0000000008000e3c                __aeabi_ldiv0
 *(.text*)
 .text.lcd_isConnected
                0x0000000008000e40       0x30 Core/Src/i2c-lcd.o
                0x0000000008000e40                lcd_isConnected
 .text.lcd_clear
                0x0000000008000e70       0x34 Core/Src/i2c-lcd.o
                0x0000000008000e70                lcd_clear
 .text.lcd_init
                0x0000000008000ea4     0x22fc Core/Src/i2c-lcd.o
                0x0000000008000ea4                lcd_init
 .text.lcd_affDistance
                0x00000000080031a0      0x1d4 Core/Src/i2c-lcd.o
                0x00000000080031a0                lcd_affDistance
 .text.lcd_interfacePrinc
                0x0000000008003374      0x31c Core/Src/i2c-lcd.o
                0x0000000008003374                lcd_interfacePrinc
 .text.lcd_on   0x0000000008003690       0x34 Core/Src/i2c-lcd.o
                0x0000000008003690                lcd_on
 .text.lcd_off  0x00000000080036c4       0x34 Core/Src/i2c-lcd.o
                0x00000000080036c4                lcd_off
 .text.lcd_maVoiture
                0x00000000080036f8     0x1f94 Core/Src/i2c-lcd.o
                0x00000000080036f8                lcd_maVoiture
 .text.lcd_Veille
                0x000000000800568c       0x28 Core/Src/i2c-lcd.o
                0x000000000800568c                lcd_Veille
 .text.lcd_ModeAuto
                0x00000000080056b4      0x1e4 Core/Src/i2c-lcd.o
                0x00000000080056b4                lcd_ModeAuto
 .text.lcd_Navig
                0x0000000008005898       0xec Core/Src/i2c-lcd.o
                0x0000000008005898                lcd_Navig
 .text.lcd_transition
                0x0000000008005984      0x218 Core/Src/i2c-lcd.o
                0x0000000008005984                lcd_transition
 .text.lidar_init
                0x0000000008005b9c       0x88 Core/Src/i2c-lidar.o
                0x0000000008005b9c                lidar_init
 .text.boutonDistance
                0x0000000008005c24       0x3c Core/Src/libBouton.o
                0x0000000008005c24                boutonDistance
 .text.boutonVitesse
                0x0000000008005c60       0x3c Core/Src/libBouton.o
                0x0000000008005c60                boutonVitesse
 .text.clicBtnDistance
                0x0000000008005c9c       0x68 Core/Src/libBouton.o
                0x0000000008005c9c                clicBtnDistance
 .text.clicBtnVitesse
                0x0000000008005d04       0x68 Core/Src/libBouton.o
                0x0000000008005d04                clicBtnVitesse
 .text.clicBtnInterface
                0x0000000008005d6c       0x6c Core/Src/libBouton.o
                0x0000000008005d6c                clicBtnInterface
 .text.clicBtnChoix
                0x0000000008005dd8       0x68 Core/Src/libBouton.o
                0x0000000008005dd8                clicBtnChoix
 .text.clicBtnValide
                0x0000000008005e40       0x6c Core/Src/libBouton.o
                0x0000000008005e40                clicBtnValide
 *fill*         0x0000000008005eac        0x4 
 .text.adaptVitesseDistance
                0x0000000008005eb0      0x15c Core/Src/libGlobal.o
                0x0000000008005eb0                adaptVitesseDistance
 .text.main     0x000000000800600c      0x1ac Core/Src/main.o
                0x000000000800600c                main
 .text.SystemClock_Config
                0x00000000080061b8       0xbc Core/Src/main.o
                0x00000000080061b8                SystemClock_Config
 .text.MX_I2C1_Init
                0x0000000008006274       0x5c Core/Src/main.o
 .text.MX_TIM1_Init
                0x00000000080062d0       0xb0 Core/Src/main.o
 .text.MX_TIM3_Init
                0x0000000008006380       0xb4 Core/Src/main.o
 .text.MX_USART2_UART_Init
                0x0000000008006434       0x54 Core/Src/main.o
 .text.MX_GPIO_Init
                0x0000000008006488      0x12c Core/Src/main.o
 .text.Error_Handler
                0x00000000080065b4        0xe Core/Src/main.o
                0x00000000080065b4                Error_Handler
 *fill*         0x00000000080065c2        0x2 
 .text.HAL_MspInit
                0x00000000080065c4       0x50 Core/Src/stm32f4xx_hal_msp.o
                0x00000000080065c4                HAL_MspInit
 .text.HAL_I2C_MspInit
                0x0000000008006614       0x90 Core/Src/stm32f4xx_hal_msp.o
                0x0000000008006614                HAL_I2C_MspInit
 .text.HAL_TIM_Encoder_MspInit
                0x00000000080066a4       0x90 Core/Src/stm32f4xx_hal_msp.o
                0x00000000080066a4                HAL_TIM_Encoder_MspInit
 .text.HAL_TIM_PWM_MspInit
                0x0000000008006734       0x50 Core/Src/stm32f4xx_hal_msp.o
                0x0000000008006734                HAL_TIM_PWM_MspInit
 .text.HAL_TIM_MspPostInit
                0x0000000008006784       0x74 Core/Src/stm32f4xx_hal_msp.o
                0x0000000008006784                HAL_TIM_MspPostInit
 .text.HAL_UART_MspInit
                0x00000000080067f8       0x90 Core/Src/stm32f4xx_hal_msp.o
                0x00000000080067f8                HAL_UART_MspInit
 .text.NMI_Handler
                0x0000000008006888        0xe Core/Src/stm32f4xx_it.o
                0x0000000008006888                NMI_Handler
 .text.HardFault_Handler
                0x0000000008006896        0x6 Core/Src/stm32f4xx_it.o
                0x0000000008006896                HardFault_Handler
 .text.MemManage_Handler
                0x000000000800689c        0x6 Core/Src/stm32f4xx_it.o
                0x000000000800689c                MemManage_Handler
 .text.BusFault_Handler
                0x00000000080068a2        0x6 Core/Src/stm32f4xx_it.o
                0x00000000080068a2                BusFault_Handler
 .text.UsageFault_Handler
                0x00000000080068a8        0x6 Core/Src/stm32f4xx_it.o
                0x00000000080068a8                UsageFault_Handler
 .text.SVC_Handler
                0x00000000080068ae        0xe Core/Src/stm32f4xx_it.o
                0x00000000080068ae                SVC_Handler
 .text.DebugMon_Handler
                0x00000000080068bc        0xe Core/Src/stm32f4xx_it.o
                0x00000000080068bc                DebugMon_Handler
 .text.PendSV_Handler
                0x00000000080068ca        0xe Core/Src/stm32f4xx_it.o
                0x00000000080068ca                PendSV_Handler
 .text.SysTick_Handler
                0x00000000080068d8        0xc Core/Src/stm32f4xx_it.o
                0x00000000080068d8                SysTick_Handler
 .text.TIM3_IRQHandler
                0x00000000080068e4       0x48 Core/Src/stm32f4xx_it.o
                0x00000000080068e4                TIM3_IRQHandler
 .text.SystemInit
                0x000000000800692c       0x2c Core/Src/system_stm32f4xx.o
                0x000000000800692c                SystemInit
 .text.Reset_Handler
                0x0000000008006958       0x50 Core/Startup/startup_stm32f411retx.o
                0x0000000008006958                Reset_Handler
 .text.Default_Handler
                0x00000000080069a8        0x2 Core/Startup/startup_stm32f411retx.o
                0x00000000080069a8                RTC_Alarm_IRQHandler
                0x00000000080069a8                EXTI2_IRQHandler
                0x00000000080069a8                SPI4_IRQHandler
                0x00000000080069a8                TIM1_CC_IRQHandler
                0x00000000080069a8                DMA2_Stream5_IRQHandler
                0x00000000080069a8                DMA1_Stream5_IRQHandler
                0x00000000080069a8                PVD_IRQHandler
                0x00000000080069a8                SDIO_IRQHandler
                0x00000000080069a8                TAMP_STAMP_IRQHandler
                0x00000000080069a8                EXTI3_IRQHandler
                0x00000000080069a8                TIM1_UP_TIM10_IRQHandler
                0x00000000080069a8                I2C3_ER_IRQHandler
                0x00000000080069a8                EXTI0_IRQHandler
                0x00000000080069a8                I2C2_EV_IRQHandler
                0x00000000080069a8                DMA1_Stream2_IRQHandler
                0x00000000080069a8                FPU_IRQHandler
                0x00000000080069a8                DMA2_Stream2_IRQHandler
                0x00000000080069a8                SPI1_IRQHandler
                0x00000000080069a8                TIM1_BRK_TIM9_IRQHandler
                0x00000000080069a8                DMA2_Stream3_IRQHandler
                0x00000000080069a8                USART6_IRQHandler
                0x00000000080069a8                DMA2_Stream0_IRQHandler
                0x00000000080069a8                TIM4_IRQHandler
                0x00000000080069a8                I2C1_EV_IRQHandler
                0x00000000080069a8                DMA1_Stream6_IRQHandler
                0x00000000080069a8                DMA1_Stream1_IRQHandler
                0x00000000080069a8                RCC_IRQHandler
                0x00000000080069a8                Default_Handler
                0x00000000080069a8                EXTI15_10_IRQHandler
                0x00000000080069a8                ADC_IRQHandler
                0x00000000080069a8                DMA1_Stream7_IRQHandler
                0x00000000080069a8                SPI5_IRQHandler
                0x00000000080069a8                TIM5_IRQHandler
                0x00000000080069a8                DMA2_Stream7_IRQHandler
                0x00000000080069a8                I2C3_EV_IRQHandler
                0x00000000080069a8                EXTI9_5_IRQHandler
                0x00000000080069a8                RTC_WKUP_IRQHandler
                0x00000000080069a8                SPI2_IRQHandler
                0x00000000080069a8                DMA1_Stream0_IRQHandler
                0x00000000080069a8                EXTI4_IRQHandler
                0x00000000080069a8                WWDG_IRQHandler
                0x00000000080069a8                TIM2_IRQHandler
                0x00000000080069a8                OTG_FS_WKUP_IRQHandler
                0x00000000080069a8                TIM1_TRG_COM_TIM11_IRQHandler
                0x00000000080069a8                EXTI1_IRQHandler
                0x00000000080069a8                USART2_IRQHandler
                0x00000000080069a8                I2C2_ER_IRQHandler
                0x00000000080069a8                DMA2_Stream1_IRQHandler
                0x00000000080069a8                FLASH_IRQHandler
                0x00000000080069a8                DMA2_Stream4_IRQHandler
                0x00000000080069a8                USART1_IRQHandler
                0x00000000080069a8                OTG_FS_IRQHandler
                0x00000000080069a8                SPI3_IRQHandler
                0x00000000080069a8                DMA1_Stream4_IRQHandler
                0x00000000080069a8                I2C1_ER_IRQHandler
                0x00000000080069a8                DMA2_Stream6_IRQHandler
                0x00000000080069a8                DMA1_Stream3_IRQHandler
 *fill*         0x00000000080069aa        0x2 
 .text.HAL_Init
                0x00000000080069ac       0x44 Drivers/STM32F4xx_HAL_Driver/Src/stm32f4xx_hal.o
                0x00000000080069ac                HAL_Init
 .text.HAL_InitTick
                0x00000000080069f0       0x60 Drivers/STM32F4xx_HAL_Driver/Src/stm32f4xx_hal.o
                0x00000000080069f0                HAL_InitTick
 .text.HAL_IncTick
                0x0000000008006a50       0x28 Drivers/STM32F4xx_HAL_Driver/Src/stm32f4xx_hal.o
                0x0000000008006a50                HAL_IncTick
 .text.HAL_GetTick
                0x0000000008006a78       0x18 Drivers/STM32F4xx_HAL_Driver/Src/stm32f4xx_hal.o
                0x0000000008006a78                HAL_GetTick
 .text.HAL_Delay
                0x0000000008006a90       0x44 Drivers/STM32F4xx_HAL_Driver/Src/stm32f4xx_hal.o
                0x0000000008006a90                HAL_Delay
 .text.__NVIC_SetPriorityGrouping
                0x0000000008006ad4       0x48 Drivers/STM32F4xx_HAL_Driver/Src/stm32f4xx_hal_cortex.o
 .text.__NVIC_GetPriorityGrouping
                0x0000000008006b1c       0x1c Drivers/STM32F4xx_HAL_Driver/Src/stm32f4xx_hal_cortex.o
 .text.__NVIC_EnableIRQ
                0x0000000008006b38       0x3c Drivers/STM32F4xx_HAL_Driver/Src/stm32f4xx_hal_cortex.o
 .text.__NVIC_SetPriority
                0x0000000008006b74       0x54 Drivers/STM32F4xx_HAL_Driver/Src/stm32f4xx_hal_cortex.o
 .text.NVIC_EncodePriority
                0x0000000008006bc8       0x66 Drivers/STM32F4xx_HAL_Driver/Src/stm32f4xx_hal_cortex.o
 *fill*         0x0000000008006c2e        0x2 
 .text.SysTick_Config
                0x0000000008006c30       0x44 Drivers/STM32F4xx_HAL_Driver/Src/stm32f4xx_hal_cortex.o
 .text.HAL_NVIC_SetPriorityGrouping
                0x0000000008006c74       0x16 Drivers/STM32F4xx_HAL_Driver/Src/stm32f4xx_hal_cortex.o
                0x0000000008006c74                HAL_NVIC_SetPriorityGrouping
 .text.HAL_NVIC_SetPriority
                0x0000000008006c8a       0x38 Drivers/STM32F4xx_HAL_Driver/Src/stm32f4xx_hal_cortex.o
                0x0000000008006c8a                HAL_NVIC_SetPriority
 .text.HAL_NVIC_EnableIRQ
                0x0000000008006cc2       0x1c Drivers/STM32F4xx_HAL_Driver/Src/stm32f4xx_hal_cortex.o
                0x0000000008006cc2                HAL_NVIC_EnableIRQ
 .text.HAL_SYSTICK_Config
                0x0000000008006cde       0x18 Drivers/STM32F4xx_HAL_Driver/Src/stm32f4xx_hal_cortex.o
                0x0000000008006cde                HAL_SYSTICK_Config
 *fill*         0x0000000008006cf6        0x2 
 .text.HAL_GPIO_Init
                0x0000000008006cf8      0x304 Drivers/STM32F4xx_HAL_Driver/Src/stm32f4xx_hal_gpio.o
                0x0000000008006cf8                HAL_GPIO_Init
 .text.HAL_GPIO_ReadPin
                0x0000000008006ffc       0x30 Drivers/STM32F4xx_HAL_Driver/Src/stm32f4xx_hal_gpio.o
                0x0000000008006ffc                HAL_GPIO_ReadPin
 .text.HAL_GPIO_WritePin
                0x000000000800702c       0x32 Drivers/STM32F4xx_HAL_Driver/Src/stm32f4xx_hal_gpio.o
                0x000000000800702c                HAL_GPIO_WritePin
 *fill*         0x000000000800705e        0x2 
 .text.HAL_I2C_Init
                0x0000000008007060      0x270 Drivers/STM32F4xx_HAL_Driver/Src/stm32f4xx_hal_i2c.o
                0x0000000008007060                HAL_I2C_Init
 .text.HAL_I2C_Master_Transmit
                0x00000000080072d0      0x1fc Drivers/STM32F4xx_HAL_Driver/Src/stm32f4xx_hal_i2c.o
                0x00000000080072d0                HAL_I2C_Master_Transmit
 .text.HAL_I2C_Master_Receive
                0x00000000080074cc      0x44c Drivers/STM32F4xx_HAL_Driver/Src/stm32f4xx_hal_i2c.o
                0x00000000080074cc                HAL_I2C_Master_Receive
 .text.HAL_I2C_Mem_Write
                0x0000000008007918      0x1f4 Drivers/STM32F4xx_HAL_Driver/Src/stm32f4xx_hal_i2c.o
                0x0000000008007918                HAL_I2C_Mem_Write
 .text.HAL_I2C_IsDeviceReady
                0x0000000008007b0c      0x25c Drivers/STM32F4xx_HAL_Driver/Src/stm32f4xx_hal_i2c.o
                0x0000000008007b0c                HAL_I2C_IsDeviceReady
 .text.I2C_MasterRequestWrite
                0x0000000008007d68      0x104 Drivers/STM32F4xx_HAL_Driver/Src/stm32f4xx_hal_i2c.o
 .text.I2C_MasterRequestRead
                0x0000000008007e6c      0x19c Drivers/STM32F4xx_HAL_Driver/Src/stm32f4xx_hal_i2c.o
 .text.I2C_RequestMemoryWrite
                0x0000000008008008      0x12c Drivers/STM32F4xx_HAL_Driver/Src/stm32f4xx_hal_i2c.o
 .text.I2C_WaitOnFlagUntilTimeout
                0x0000000008008134       0xae Drivers/STM32F4xx_HAL_Driver/Src/stm32f4xx_hal_i2c.o
 .text.I2C_WaitOnMasterAddressFlagUntilTimeout
                0x00000000080081e2       0xfe Drivers/STM32F4xx_HAL_Driver/Src/stm32f4xx_hal_i2c.o
 .text.I2C_WaitOnTXEFlagUntilTimeout
                0x00000000080082e0       0x82 Drivers/STM32F4xx_HAL_Driver/Src/stm32f4xx_hal_i2c.o
 .text.I2C_WaitOnBTFFlagUntilTimeout
                0x0000000008008362       0x82 Drivers/STM32F4xx_HAL_Driver/Src/stm32f4xx_hal_i2c.o
 .text.I2C_WaitOnRXNEFlagUntilTimeout
                0x00000000080083e4       0xac Drivers/STM32F4xx_HAL_Driver/Src/stm32f4xx_hal_i2c.o
 .text.I2C_IsAcknowledgeFailed
                0x0000000008008490       0x5e Drivers/STM32F4xx_HAL_Driver/Src/stm32f4xx_hal_i2c.o
 *fill*         0x00000000080084ee        0x2 
 .text.HAL_RCC_OscConfig
                0x00000000080084f0      0x4e0 Drivers/STM32F4xx_HAL_Driver/Src/stm32f4xx_hal_rcc.o
                0x00000000080084f0                HAL_RCC_OscConfig
 .text.HAL_RCC_ClockConfig
                0x00000000080089d0      0x1cc Drivers/STM32F4xx_HAL_Driver/Src/stm32f4xx_hal_rcc.o
                0x00000000080089d0                HAL_RCC_ClockConfig
 .text.HAL_RCC_GetSysClockFreq
                0x0000000008008b9c      0x1b0 Drivers/STM32F4xx_HAL_Driver/Src/stm32f4xx_hal_rcc.o
                0x0000000008008b9c                HAL_RCC_GetSysClockFreq
 .text.HAL_RCC_GetHCLKFreq
                0x0000000008008d4c       0x18 Drivers/STM32F4xx_HAL_Driver/Src/stm32f4xx_hal_rcc.o
                0x0000000008008d4c                HAL_RCC_GetHCLKFreq
 .text.HAL_RCC_GetPCLK1Freq
                0x0000000008008d64       0x28 Drivers/STM32F4xx_HAL_Driver/Src/stm32f4xx_hal_rcc.o
                0x0000000008008d64                HAL_RCC_GetPCLK1Freq
 .text.HAL_RCC_GetPCLK2Freq
                0x0000000008008d8c       0x28 Drivers/STM32F4xx_HAL_Driver/Src/stm32f4xx_hal_rcc.o
                0x0000000008008d8c                HAL_RCC_GetPCLK2Freq
 .text.HAL_TIM_PWM_Init
                0x0000000008008db4       0x56 Drivers/STM32F4xx_HAL_Driver/Src/stm32f4xx_hal_tim.o
                0x0000000008008db4                HAL_TIM_PWM_Init
 *fill*         0x0000000008008e0a        0x2 
 .text.HAL_TIM_IC_Start_IT
                0x0000000008008e0c       0xd0 Drivers/STM32F4xx_HAL_Driver/Src/stm32f4xx_hal_tim.o
                0x0000000008008e0c                HAL_TIM_IC_Start_IT
 .text.HAL_TIM_Encoder_Init
                0x0000000008008edc      0x124 Drivers/STM32F4xx_HAL_Driver/Src/stm32f4xx_hal_tim.o
                0x0000000008008edc                HAL_TIM_Encoder_Init
 .text.HAL_TIM_Encoder_Start
                0x0000000008009000       0x6e Drivers/STM32F4xx_HAL_Driver/Src/stm32f4xx_hal_tim.o
                0x0000000008009000                HAL_TIM_Encoder_Start
 .text.HAL_TIM_IRQHandler
                0x000000000800906e      0x210 Drivers/STM32F4xx_HAL_Driver/Src/stm32f4xx_hal_tim.o
                0x000000000800906e                HAL_TIM_IRQHandler
 *fill*         0x000000000800927e        0x2 
 .text.HAL_TIM_PWM_ConfigChannel
                0x0000000008009280      0x18c Drivers/STM32F4xx_HAL_Driver/Src/stm32f4xx_hal_tim.o
                0x0000000008009280                HAL_TIM_PWM_ConfigChannel
 .text.HAL_TIM_PeriodElapsedCallback
                0x000000000800940c       0x14 Drivers/STM32F4xx_HAL_Driver/Src/stm32f4xx_hal_tim.o
                0x000000000800940c                HAL_TIM_PeriodElapsedCallback
 .text.HAL_TIM_OC_DelayElapsedCallback
                0x0000000008009420       0x14 Drivers/STM32F4xx_HAL_Driver/Src/stm32f4xx_hal_tim.o
                0x0000000008009420                HAL_TIM_OC_DelayElapsedCallback
 .text.HAL_TIM_IC_CaptureCallback
                0x0000000008009434       0x14 Drivers/STM32F4xx_HAL_Driver/Src/stm32f4xx_hal_tim.o
                0x0000000008009434                HAL_TIM_IC_CaptureCallback
 .text.HAL_TIM_PWM_PulseFinishedCallback
                0x0000000008009448       0x14 Drivers/STM32F4xx_HAL_Driver/Src/stm32f4xx_hal_tim.o
                0x0000000008009448                HAL_TIM_PWM_PulseFinishedCallback
 .text.HAL_TIM_TriggerCallback
                0x000000000800945c       0x14 Drivers/STM32F4xx_HAL_Driver/Src/stm32f4xx_hal_tim.o
                0x000000000800945c                HAL_TIM_TriggerCallback
 .text.TIM_Base_SetConfig
                0x0000000008009470      0x100 Drivers/STM32F4xx_HAL_Driver/Src/stm32f4xx_hal_tim.o
                0x0000000008009470                TIM_Base_SetConfig
 .text.TIM_OC1_SetConfig
                0x0000000008009570       0xcc Drivers/STM32F4xx_HAL_Driver/Src/stm32f4xx_hal_tim.o
 .text.TIM_OC2_SetConfig
                0x000000000800963c       0xd8 Drivers/STM32F4xx_HAL_Driver/Src/stm32f4xx_hal_tim.o
                0x000000000800963c                TIM_OC2_SetConfig
 .text.TIM_OC3_SetConfig
                0x0000000008009714       0xd4 Drivers/STM32F4xx_HAL_Driver/Src/stm32f4xx_hal_tim.o
 .text.TIM_OC4_SetConfig
                0x00000000080097e8       0xa0 Drivers/STM32F4xx_HAL_Driver/Src/stm32f4xx_hal_tim.o
 .text.TIM_CCxChannelCmd
                0x0000000008009888       0x4a Drivers/STM32F4xx_HAL_Driver/Src/stm32f4xx_hal_tim.o
                0x0000000008009888                TIM_CCxChannelCmd
 *fill*         0x00000000080098d2        0x2 
 .text.HAL_TIMEx_MasterConfigSynchronization
                0x00000000080098d4       0xdc Drivers/STM32F4xx_HAL_Driver/Src/stm32f4xx_hal_tim_ex.o
                0x00000000080098d4                HAL_TIMEx_MasterConfigSynchronization
 .text.HAL_TIMEx_CommutCallback
                0x00000000080099b0       0x14 Drivers/STM32F4xx_HAL_Driver/Src/stm32f4xx_hal_tim_ex.o
                0x00000000080099b0                HAL_TIMEx_CommutCallback
 .text.HAL_TIMEx_BreakCallback
                0x00000000080099c4       0x14 Drivers/STM32F4xx_HAL_Driver/Src/stm32f4xx_hal_tim_ex.o
                0x00000000080099c4                HAL_TIMEx_BreakCallback
 .text.HAL_UART_Init
                0x00000000080099d8       0x9a Drivers/STM32F4xx_HAL_Driver/Src/stm32f4xx_hal_uart.o
                0x00000000080099d8                HAL_UART_Init
 *fill*         0x0000000008009a72        0x2 
 .text.UART_SetConfig
                0x0000000008009a74      0x6f8 Drivers/STM32F4xx_HAL_Driver/Src/stm32f4xx_hal_uart.o
 .text.__errno  0x000000000800a16c        0xc c:/st/stm32cubeide_1.4.0/stm32cubeide/plugins/com.st.stm32cube.ide.mcu.externaltools.gnu-tools-for-stm32.7-2018-q2-update.win32_1.5.0.202011040924/tools/bin/../lib/gcc/arm-none-eabi/7.3.1/../../../../arm-none-eabi/lib/thumb/v7e-m/fpv4-sp/hard\libc_nano.a(lib_a-errno.o)
                0x000000000800a16c                __errno
 .text.__libc_init_array
                0x000000000800a178       0x48 c:/st/stm32cubeide_1.4.0/stm32cubeide/plugins/com.st.stm32cube.ide.mcu.externaltools.gnu-tools-for-stm32.7-2018-q2-update.win32_1.5.0.202011040924/tools/bin/../lib/gcc/arm-none-eabi/7.3.1/../../../../arm-none-eabi/lib/thumb/v7e-m/fpv4-sp/hard\libc_nano.a(lib_a-init.o)
                0x000000000800a178                __libc_init_array
 .text.__itoa   0x000000000800a1c0       0x30 c:/st/stm32cubeide_1.4.0/stm32cubeide/plugins/com.st.stm32cube.ide.mcu.externaltools.gnu-tools-for-stm32.7-2018-q2-update.win32_1.5.0.202011040924/tools/bin/../lib/gcc/arm-none-eabi/7.3.1/../../../../arm-none-eabi/lib/thumb/v7e-m/fpv4-sp/hard\libc_nano.a(lib_a-itoa.o)
                0x000000000800a1c0                __itoa
 .text.itoa     0x000000000800a1f0        0x4 c:/st/stm32cubeide_1.4.0/stm32cubeide/plugins/com.st.stm32cube.ide.mcu.externaltools.gnu-tools-for-stm32.7-2018-q2-update.win32_1.5.0.202011040924/tools/bin/../lib/gcc/arm-none-eabi/7.3.1/../../../../arm-none-eabi/lib/thumb/v7e-m/fpv4-sp/hard\libc_nano.a(lib_a-itoa.o)
                0x000000000800a1f0                itoa
 .text.memset   0x000000000800a1f4       0x10 c:/st/stm32cubeide_1.4.0/stm32cubeide/plugins/com.st.stm32cube.ide.mcu.externaltools.gnu-tools-for-stm32.7-2018-q2-update.win32_1.5.0.202011040924/tools/bin/../lib/gcc/arm-none-eabi/7.3.1/../../../../arm-none-eabi/lib/thumb/v7e-m/fpv4-sp/hard\libc_nano.a(lib_a-memset.o)
                0x000000000800a1f4                memset
 .text.__utoa   0x000000000800a204       0x7c c:/st/stm32cubeide_1.4.0/stm32cubeide/plugins/com.st.stm32cube.ide.mcu.externaltools.gnu-tools-for-stm32.7-2018-q2-update.win32_1.5.0.202011040924/tools/bin/../lib/gcc/arm-none-eabi/7.3.1/../../../../arm-none-eabi/lib/thumb/v7e-m/fpv4-sp/hard\libc_nano.a(lib_a-utoa.o)
                0x000000000800a204                __utoa
 .text.log10    0x000000000800a280      0x100 c:/st/stm32cubeide_1.4.0/stm32cubeide/plugins/com.st.stm32cube.ide.mcu.externaltools.gnu-tools-for-stm32.7-2018-q2-update.win32_1.5.0.202011040924/tools/bin/../lib/gcc/arm-none-eabi/7.3.1/../../../../arm-none-eabi/lib/thumb/v7e-m/fpv4-sp/hard\libm.a(lib_a-w_log10.o)
                0x000000000800a280                log10
 .text.__ieee754_log10
                0x000000000800a380      0x114 c:/st/stm32cubeide_1.4.0/stm32cubeide/plugins/com.st.stm32cube.ide.mcu.externaltools.gnu-tools-for-stm32.7-2018-q2-update.win32_1.5.0.202011040924/tools/bin/../lib/gcc/arm-none-eabi/7.3.1/../../../../arm-none-eabi/lib/thumb/v7e-m/fpv4-sp/hard\libm.a(lib_a-e_log10.o)
                0x000000000800a380                __ieee754_log10
 .text.matherr  0x000000000800a494        0x4 c:/st/stm32cubeide_1.4.0/stm32cubeide/plugins/com.st.stm32cube.ide.mcu.externaltools.gnu-tools-for-stm32.7-2018-q2-update.win32_1.5.0.202011040924/tools/bin/../lib/gcc/arm-none-eabi/7.3.1/../../../../arm-none-eabi/lib/thumb/v7e-m/fpv4-sp/hard\libm.a(lib_a-s_matherr.o)
                0x000000000800a494                matherr
 .text.nan      0x000000000800a498       0x10 c:/st/stm32cubeide_1.4.0/stm32cubeide/plugins/com.st.stm32cube.ide.mcu.externaltools.gnu-tools-for-stm32.7-2018-q2-update.win32_1.5.0.202011040924/tools/bin/../lib/gcc/arm-none-eabi/7.3.1/../../../../arm-none-eabi/lib/thumb/v7e-m/fpv4-sp/hard\libm.a(lib_a-s_nan.o)
                0x000000000800a498                nan
 .text.__ieee754_log
                0x000000000800a4a8      0x364 c:/st/stm32cubeide_1.4.0/stm32cubeide/plugins/com.st.stm32cube.ide.mcu.externaltools.gnu-tools-for-stm32.7-2018-q2-update.win32_1.5.0.202011040924/tools/bin/../lib/gcc/arm-none-eabi/7.3.1/../../../../arm-none-eabi/lib/thumb/v7e-m/fpv4-sp/hard\libm.a(lib_a-e_log.o)
                0x000000000800a4a8                __ieee754_log
 *(.glue_7)
 .glue_7        0x000000000800a80c        0x0 linker stubs
 *(.glue_7t)
 .glue_7t       0x000000000800a80c        0x0 linker stubs
 *(.eh_frame)
 .eh_frame      0x000000000800a80c        0x0 c:/st/stm32cubeide_1.4.0/stm32cubeide/plugins/com.st.stm32cube.ide.mcu.externaltools.gnu-tools-for-stm32.7-2018-q2-update.win32_1.5.0.202011040924/tools/bin/../lib/gcc/arm-none-eabi/7.3.1/thumb/v7e-m/fpv4-sp/hard/crtbegin.o
 *(.init)
 .init          0x000000000800a80c        0x4 c:/st/stm32cubeide_1.4.0/stm32cubeide/plugins/com.st.stm32cube.ide.mcu.externaltools.gnu-tools-for-stm32.7-2018-q2-update.win32_1.5.0.202011040924/tools/bin/../lib/gcc/arm-none-eabi/7.3.1/thumb/v7e-m/fpv4-sp/hard/crti.o
                0x000000000800a80c                _init
 .init          0x000000000800a810        0x8 c:/st/stm32cubeide_1.4.0/stm32cubeide/plugins/com.st.stm32cube.ide.mcu.externaltools.gnu-tools-for-stm32.7-2018-q2-update.win32_1.5.0.202011040924/tools/bin/../lib/gcc/arm-none-eabi/7.3.1/thumb/v7e-m/fpv4-sp/hard/crtn.o
 *(.fini)
 .fini          0x000000000800a818        0x4 c:/st/stm32cubeide_1.4.0/stm32cubeide/plugins/com.st.stm32cube.ide.mcu.externaltools.gnu-tools-for-stm32.7-2018-q2-update.win32_1.5.0.202011040924/tools/bin/../lib/gcc/arm-none-eabi/7.3.1/thumb/v7e-m/fpv4-sp/hard/crti.o
                0x000000000800a818                _fini
 .fini          0x000000000800a81c        0x8 c:/st/stm32cubeide_1.4.0/stm32cubeide/plugins/com.st.stm32cube.ide.mcu.externaltools.gnu-tools-for-stm32.7-2018-q2-update.win32_1.5.0.202011040924/tools/bin/../lib/gcc/arm-none-eabi/7.3.1/thumb/v7e-m/fpv4-sp/hard/crtn.o
                0x000000000800a824                . = ALIGN (0x4)
                0x000000000800a824                _etext = .

.vfp11_veneer   0x000000000800a824        0x0
 .vfp11_veneer  0x000000000800a824        0x0 linker stubs

.v4_bx          0x000000000800a824        0x0
 .v4_bx         0x000000000800a824        0x0 linker stubs

.iplt           0x000000000800a824        0x0
 .iplt          0x000000000800a824        0x0 c:/st/stm32cubeide_1.4.0/stm32cubeide/plugins/com.st.stm32cube.ide.mcu.externaltools.gnu-tools-for-stm32.7-2018-q2-update.win32_1.5.0.202011040924/tools/bin/../lib/gcc/arm-none-eabi/7.3.1/thumb/v7e-m/fpv4-sp/hard/crtbegin.o

.rodata         0x000000000800a824      0x13c
                0x000000000800a824                . = ALIGN (0x4)
 *(.rodata)
 .rodata        0x000000000800a824       0xb9 Core/Src/i2c-lcd.o
 *fill*         0x000000000800a8dd        0x3 
 .rodata        0x000000000800a8e0       0x3c Core/Src/libBouton.o
 *(.rodata*)
 .rodata.AHBPrescTable
                0x000000000800a91c       0x10 Core/Src/system_stm32f4xx.o
                0x000000000800a91c                AHBPrescTable
 .rodata.APBPrescTable
                0x000000000800a92c        0x8 Core/Src/system_stm32f4xx.o
                0x000000000800a92c                APBPrescTable
 .rodata.__utoa.str1.1
                0x000000000800a934       0x25 c:/st/stm32cubeide_1.4.0/stm32cubeide/plugins/com.st.stm32cube.ide.mcu.externaltools.gnu-tools-for-stm32.7-2018-q2-update.win32_1.5.0.202011040924/tools/bin/../lib/gcc/arm-none-eabi/7.3.1/../../../../arm-none-eabi/lib/thumb/v7e-m/fpv4-sp/hard\libc_nano.a(lib_a-utoa.o)
 .rodata.log10.str1.1
                0x000000000800a959        0x6 c:/st/stm32cubeide_1.4.0/stm32cubeide/plugins/com.st.stm32cube.ide.mcu.externaltools.gnu-tools-for-stm32.7-2018-q2-update.win32_1.5.0.202011040924/tools/bin/../lib/gcc/arm-none-eabi/7.3.1/../../../../arm-none-eabi/lib/thumb/v7e-m/fpv4-sp/hard\libm.a(lib_a-w_log10.o)
                                          0x7 (size before relaxing)
                0x000000000800a960                . = ALIGN (0x4)
 *fill*         0x000000000800a95f        0x1 

.ARM.extab      0x000000000800a960        0x0
                0x000000000800a960                . = ALIGN (0x4)
 *(.ARM.extab* .gnu.linkonce.armextab.*)
                0x000000000800a960                . = ALIGN (0x4)

.ARM            0x000000000800a960        0x8
                0x000000000800a960                . = ALIGN (0x4)
                0x000000000800a960                __exidx_start = .
 *(.ARM.exidx*)
 .ARM.exidx     0x000000000800a960        0x8 c:/st/stm32cubeide_1.4.0/stm32cubeide/plugins/com.st.stm32cube.ide.mcu.externaltools.gnu-tools-for-stm32.7-2018-q2-update.win32_1.5.0.202011040924/tools/bin/../lib/gcc/arm-none-eabi/7.3.1/thumb/v7e-m/fpv4-sp/hard\libgcc.a(_udivmoddi4.o)
                0x000000000800a968                __exidx_end = .
                0x000000000800a968                . = ALIGN (0x4)

.rel.dyn        0x000000000800a968        0x0
 .rel.iplt      0x000000000800a968        0x0 c:/st/stm32cubeide_1.4.0/stm32cubeide/plugins/com.st.stm32cube.ide.mcu.externaltools.gnu-tools-for-stm32.7-2018-q2-update.win32_1.5.0.202011040924/tools/bin/../lib/gcc/arm-none-eabi/7.3.1/thumb/v7e-m/fpv4-sp/hard/crtbegin.o

.preinit_array  0x000000000800a968        0x0
                0x000000000800a968                . = ALIGN (0x4)
                0x000000000800a968                PROVIDE (__preinit_array_start = .)
 *(.preinit_array*)
                0x000000000800a968                PROVIDE (__preinit_array_end = .)
                0x000000000800a968                . = ALIGN (0x4)

.init_array     0x000000000800a968        0x4
                0x000000000800a968                . = ALIGN (0x4)
                0x000000000800a968                PROVIDE (__init_array_start = .)
 *(SORT_BY_NAME(.init_array.*))
 *(.init_array*)
 .init_array    0x000000000800a968        0x4 c:/st/stm32cubeide_1.4.0/stm32cubeide/plugins/com.st.stm32cube.ide.mcu.externaltools.gnu-tools-for-stm32.7-2018-q2-update.win32_1.5.0.202011040924/tools/bin/../lib/gcc/arm-none-eabi/7.3.1/thumb/v7e-m/fpv4-sp/hard/crtbegin.o
                0x000000000800a96c                PROVIDE (__init_array_end = .)
                0x000000000800a96c                . = ALIGN (0x4)

.fini_array     0x000000000800a96c        0x4
                0x000000000800a96c                . = ALIGN (0x4)
                [!provide]                        PROVIDE (__fini_array_start = .)
 *(SORT_BY_NAME(.fini_array.*))
 *(.fini_array*)
 .fini_array    0x000000000800a96c        0x4 c:/st/stm32cubeide_1.4.0/stm32cubeide/plugins/com.st.stm32cube.ide.mcu.externaltools.gnu-tools-for-stm32.7-2018-q2-update.win32_1.5.0.202011040924/tools/bin/../lib/gcc/arm-none-eabi/7.3.1/thumb/v7e-m/fpv4-sp/hard/crtbegin.o
                [!provide]                        PROVIDE (__fini_array_end = .)
                0x000000000800a970                . = ALIGN (0x4)
                0x000000000800a970                _sidata = LOADADDR (.data)

.data           0x0000000020000000       0x78 load address 0x000000000800a970
                0x0000000020000000                . = ALIGN (0x4)
                0x0000000020000000                _sdata = .
 *(.data)
 *(.data*)
 .data.LIDAR_ADD
                0x0000000020000000        0x1 Core/Src/main.o
                0x0000000020000000                LIDAR_ADD
 *fill*         0x0000000020000001        0x3 
 .data.SystemCoreClock
                0x0000000020000004        0x4 Core/Src/system_stm32f4xx.o
                0x0000000020000004                SystemCoreClock
 .data.uwTickPrio
                0x0000000020000008        0x4 Drivers/STM32F4xx_HAL_Driver/Src/stm32f4xx_hal.o
                0x0000000020000008                uwTickPrio
 .data.uwTickFreq
                0x000000002000000c        0x1 Drivers/STM32F4xx_HAL_Driver/Src/stm32f4xx_hal.o
                0x000000002000000c                uwTickFreq
 *fill*         0x000000002000000d        0x3 
 .data._impure_ptr
                0x0000000020000010        0x4 c:/st/stm32cubeide_1.4.0/stm32cubeide/plugins/com.st.stm32cube.ide.mcu.externaltools.gnu-tools-for-stm32.7-2018-q2-update.win32_1.5.0.202011040924/tools/bin/../lib/gcc/arm-none-eabi/7.3.1/../../../../arm-none-eabi/lib/thumb/v7e-m/fpv4-sp/hard\libc_nano.a(lib_a-impure.o)
                0x0000000020000010                _impure_ptr
 .data.impure_data
                0x0000000020000014       0x60 c:/st/stm32cubeide_1.4.0/stm32cubeide/plugins/com.st.stm32cube.ide.mcu.externaltools.gnu-tools-for-stm32.7-2018-q2-update.win32_1.5.0.202011040924/tools/bin/../lib/gcc/arm-none-eabi/7.3.1/../../../../arm-none-eabi/lib/thumb/v7e-m/fpv4-sp/hard\libc_nano.a(lib_a-impure.o)
 .data.__fdlib_version
                0x0000000020000074        0x1 c:/st/stm32cubeide_1.4.0/stm32cubeide/plugins/com.st.stm32cube.ide.mcu.externaltools.gnu-tools-for-stm32.7-2018-q2-update.win32_1.5.0.202011040924/tools/bin/../lib/gcc/arm-none-eabi/7.3.1/../../../../arm-none-eabi/lib/thumb/v7e-m/fpv4-sp/hard\libm.a(lib_a-s_lib_ver.o)
                0x0000000020000074                __fdlib_version
                0x0000000020000078                . = ALIGN (0x4)
 *fill*         0x0000000020000075        0x3 
                0x0000000020000078                _edata = .

.igot.plt       0x0000000020000078        0x0 load address 0x000000000800a9e8
 .igot.plt      0x0000000020000078        0x0 c:/st/stm32cubeide_1.4.0/stm32cubeide/plugins/com.st.stm32cube.ide.mcu.externaltools.gnu-tools-for-stm32.7-2018-q2-update.win32_1.5.0.202011040924/tools/bin/../lib/gcc/arm-none-eabi/7.3.1/thumb/v7e-m/fpv4-sp/hard/crtbegin.o
                0x0000000020000078                . = ALIGN (0x4)

.bss            0x0000000020000078      0x190 load address 0x000000000800a9e8
                0x0000000020000078                _sbss = .
                0x0000000020000078                __bss_start__ = _sbss
 *(.bss)
 .bss           0x0000000020000078       0x1c c:/st/stm32cubeide_1.4.0/stm32cubeide/plugins/com.st.stm32cube.ide.mcu.externaltools.gnu-tools-for-stm32.7-2018-q2-update.win32_1.5.0.202011040924/tools/bin/../lib/gcc/arm-none-eabi/7.3.1/thumb/v7e-m/fpv4-sp/hard/crtbegin.o
 *(.bss*)
 .bss.tim4_cnt  0x0000000020000094        0x4 Core/Src/main.o
                0x0000000020000094                tim4_cnt
 .bss.rise      0x0000000020000098        0x4 Core/Src/main.o
                0x0000000020000098                rise
 .bss.freq      0x000000002000009c        0x4 Core/Src/main.o
                0x000000002000009c                freq
 *(COMMON)
 COMMON         0x00000000200000a0      0x164 Core/Src/main.o
                0x00000000200000a0                n
                0x00000000200000a4                hi2c1
                0x00000000200000f8                ecranActif
                0x00000000200000fc                buttonChoix
                0x0000000020000100                tpsCourant
                0x0000000020000104                distance
                0x0000000020000108                htim3
                0x0000000020000148                isConnected
                0x000000002000014c                buttonValide
                0x0000000020000150                buttonInterface
                0x0000000020000154                onePush2
                0x0000000020000158                signal_B
                0x000000002000015c                buttonDistance
                0x0000000020000160                signal_A
                0x0000000020000164                htim1
                0x00000000200001a4                buttonVitesse
                0x00000000200001a8                pwm
                0x00000000200001b0                nb
                0x00000000200001b4                huart2
                0x00000000200001f4                cpt
                0x00000000200001f8                onePush3
                0x00000000200001fc                cmd
                0x0000000020000200                onePush
 COMMON         0x0000000020000204        0x4 Drivers/STM32F4xx_HAL_Driver/Src/stm32f4xx_hal.o
                0x0000000020000204                uwTick
                0x0000000020000208                . = ALIGN (0x4)
                0x0000000020000208                _ebss = .
                0x0000000020000208                __bss_end__ = _ebss

._user_heap_stack
                0x0000000020000208      0x600 load address 0x000000000800a9e8
                0x0000000020000208                . = ALIGN (0x8)
                [!provide]                        PROVIDE (end = .)
                0x0000000020000208                PROVIDE (_end = .)
                0x0000000020000408                . = (. + _Min_Heap_Size)
 *fill*         0x0000000020000208      0x200 
                0x0000000020000808                . = (. + _Min_Stack_Size)
 *fill*         0x0000000020000408      0x400 
                0x0000000020000808                . = ALIGN (0x8)

/DISCARD/
 libc.a(*)
 libm.a(*)
 libgcc.a(*)

.ARM.attributes
                0x0000000000000000       0x30
 *(.ARM.attributes)
 .ARM.attributes
                0x0000000000000000       0x22 c:/st/stm32cubeide_1.4.0/stm32cubeide/plugins/com.st.stm32cube.ide.mcu.externaltools.gnu-tools-for-stm32.7-2018-q2-update.win32_1.5.0.202011040924/tools/bin/../lib/gcc/arm-none-eabi/7.3.1/thumb/v7e-m/fpv4-sp/hard/crti.o
 .ARM.attributes
                0x0000000000000022       0x34 c:/st/stm32cubeide_1.4.0/stm32cubeide/plugins/com.st.stm32cube.ide.mcu.externaltools.gnu-tools-for-stm32.7-2018-q2-update.win32_1.5.0.202011040924/tools/bin/../lib/gcc/arm-none-eabi/7.3.1/thumb/v7e-m/fpv4-sp/hard/crtbegin.o
 .ARM.attributes
                0x0000000000000056       0x39 Core/Src/i2c-lcd.o
 .ARM.attributes
                0x000000000000008f       0x39 Core/Src/i2c-lidar.o
 .ARM.attributes
                0x00000000000000c8       0x39 Core/Src/libBouton.o
 .ARM.attributes
                0x0000000000000101       0x39 Core/Src/libGlobal.o
 .ARM.attributes
                0x000000000000013a       0x39 Core/Src/main.o
 .ARM.attributes
                0x0000000000000173       0x39 Core/Src/stm32f4xx_hal_msp.o
 .ARM.attributes
                0x00000000000001ac       0x39 Core/Src/stm32f4xx_it.o
 .ARM.attributes
                0x00000000000001e5       0x39 Core/Src/system_stm32f4xx.o
 .ARM.attributes
                0x000000000000021e       0x21 Core/Startup/startup_stm32f411retx.o
 .ARM.attributes
                0x000000000000023f       0x39 Drivers/STM32F4xx_HAL_Driver/Src/stm32f4xx_hal.o
 .ARM.attributes
                0x0000000000000278       0x39 Drivers/STM32F4xx_HAL_Driver/Src/stm32f4xx_hal_cortex.o
 .ARM.attributes
                0x00000000000002b1       0x39 Drivers/STM32F4xx_HAL_Driver/Src/stm32f4xx_hal_gpio.o
 .ARM.attributes
                0x00000000000002ea       0x39 Drivers/STM32F4xx_HAL_Driver/Src/stm32f4xx_hal_i2c.o
 .ARM.attributes
                0x0000000000000323       0x39 Drivers/STM32F4xx_HAL_Driver/Src/stm32f4xx_hal_rcc.o
 .ARM.attributes
                0x000000000000035c       0x39 Drivers/STM32F4xx_HAL_Driver/Src/stm32f4xx_hal_tim.o
 .ARM.attributes
                0x0000000000000395       0x39 Drivers/STM32F4xx_HAL_Driver/Src/stm32f4xx_hal_tim_ex.o
 .ARM.attributes
                0x00000000000003ce       0x39 Drivers/STM32F4xx_HAL_Driver/Src/stm32f4xx_hal_uart.o
 .ARM.attributes
                0x0000000000000407       0x34 c:/st/stm32cubeide_1.4.0/stm32cubeide/plugins/com.st.stm32cube.ide.mcu.externaltools.gnu-tools-for-stm32.7-2018-q2-update.win32_1.5.0.202011040924/tools/bin/../lib/gcc/arm-none-eabi/7.3.1/../../../../arm-none-eabi/lib/thumb/v7e-m/fpv4-sp/hard\libc_nano.a(lib_a-errno.o)
 .ARM.attributes
                0x000000000000043b       0x34 c:/st/stm32cubeide_1.4.0/stm32cubeide/plugins/com.st.stm32cube.ide.mcu.externaltools.gnu-tools-for-stm32.7-2018-q2-update.win32_1.5.0.202011040924/tools/bin/../lib/gcc/arm-none-eabi/7.3.1/../../../../arm-none-eabi/lib/thumb/v7e-m/fpv4-sp/hard\libc_nano.a(lib_a-impure.o)
 .ARM.attributes
                0x000000000000046f       0x34 c:/st/stm32cubeide_1.4.0/stm32cubeide/plugins/com.st.stm32cube.ide.mcu.externaltools.gnu-tools-for-stm32.7-2018-q2-update.win32_1.5.0.202011040924/tools/bin/../lib/gcc/arm-none-eabi/7.3.1/../../../../arm-none-eabi/lib/thumb/v7e-m/fpv4-sp/hard\libc_nano.a(lib_a-init.o)
 .ARM.attributes
                0x00000000000004a3       0x34 c:/st/stm32cubeide_1.4.0/stm32cubeide/plugins/com.st.stm32cube.ide.mcu.externaltools.gnu-tools-for-stm32.7-2018-q2-update.win32_1.5.0.202011040924/tools/bin/../lib/gcc/arm-none-eabi/7.3.1/../../../../arm-none-eabi/lib/thumb/v7e-m/fpv4-sp/hard\libc_nano.a(lib_a-itoa.o)
 .ARM.attributes
                0x00000000000004d7       0x34 c:/st/stm32cubeide_1.4.0/stm32cubeide/plugins/com.st.stm32cube.ide.mcu.externaltools.gnu-tools-for-stm32.7-2018-q2-update.win32_1.5.0.202011040924/tools/bin/../lib/gcc/arm-none-eabi/7.3.1/../../../../arm-none-eabi/lib/thumb/v7e-m/fpv4-sp/hard\libc_nano.a(lib_a-memset.o)
 .ARM.attributes
                0x000000000000050b       0x34 c:/st/stm32cubeide_1.4.0/stm32cubeide/plugins/com.st.stm32cube.ide.mcu.externaltools.gnu-tools-for-stm32.7-2018-q2-update.win32_1.5.0.202011040924/tools/bin/../lib/gcc/arm-none-eabi/7.3.1/../../../../arm-none-eabi/lib/thumb/v7e-m/fpv4-sp/hard\libc_nano.a(lib_a-utoa.o)
 .ARM.attributes
                0x000000000000053f       0x34 c:/st/stm32cubeide_1.4.0/stm32cubeide/plugins/com.st.stm32cube.ide.mcu.externaltools.gnu-tools-for-stm32.7-2018-q2-update.win32_1.5.0.202011040924/tools/bin/../lib/gcc/arm-none-eabi/7.3.1/../../../../arm-none-eabi/lib/thumb/v7e-m/fpv4-sp/hard\libm.a(lib_a-w_log10.o)
 .ARM.attributes
                0x0000000000000573       0x34 c:/st/stm32cubeide_1.4.0/stm32cubeide/plugins/com.st.stm32cube.ide.mcu.externaltools.gnu-tools-for-stm32.7-2018-q2-update.win32_1.5.0.202011040924/tools/bin/../lib/gcc/arm-none-eabi/7.3.1/../../../../arm-none-eabi/lib/thumb/v7e-m/fpv4-sp/hard\libm.a(lib_a-e_log10.o)
 .ARM.attributes
                0x00000000000005a7       0x34 c:/st/stm32cubeide_1.4.0/stm32cubeide/plugins/com.st.stm32cube.ide.mcu.externaltools.gnu-tools-for-stm32.7-2018-q2-update.win32_1.5.0.202011040924/tools/bin/../lib/gcc/arm-none-eabi/7.3.1/../../../../arm-none-eabi/lib/thumb/v7e-m/fpv4-sp/hard\libm.a(lib_a-s_lib_ver.o)
 .ARM.attributes
                0x00000000000005db       0x34 c:/st/stm32cubeide_1.4.0/stm32cubeide/plugins/com.st.stm32cube.ide.mcu.externaltools.gnu-tools-for-stm32.7-2018-q2-update.win32_1.5.0.202011040924/tools/bin/../lib/gcc/arm-none-eabi/7.3.1/../../../../arm-none-eabi/lib/thumb/v7e-m/fpv4-sp/hard\libm.a(lib_a-s_matherr.o)
 .ARM.attributes
                0x000000000000060f       0x34 c:/st/stm32cubeide_1.4.0/stm32cubeide/plugins/com.st.stm32cube.ide.mcu.externaltools.gnu-tools-for-stm32.7-2018-q2-update.win32_1.5.0.202011040924/tools/bin/../lib/gcc/arm-none-eabi/7.3.1/../../../../arm-none-eabi/lib/thumb/v7e-m/fpv4-sp/hard\libm.a(lib_a-s_nan.o)
 .ARM.attributes
                0x0000000000000643       0x34 c:/st/stm32cubeide_1.4.0/stm32cubeide/plugins/com.st.stm32cube.ide.mcu.externaltools.gnu-tools-for-stm32.7-2018-q2-update.win32_1.5.0.202011040924/tools/bin/../lib/gcc/arm-none-eabi/7.3.1/../../../../arm-none-eabi/lib/thumb/v7e-m/fpv4-sp/hard\libm.a(lib_a-e_log.o)
 .ARM.attributes
                0x0000000000000677       0x22 c:/st/stm32cubeide_1.4.0/stm32cubeide/plugins/com.st.stm32cube.ide.mcu.externaltools.gnu-tools-for-stm32.7-2018-q2-update.win32_1.5.0.202011040924/tools/bin/../lib/gcc/arm-none-eabi/7.3.1/thumb/v7e-m/fpv4-sp/hard\libgcc.a(_arm_addsubdf3.o)
 .ARM.attributes
                0x0000000000000699       0x22 c:/st/stm32cubeide_1.4.0/stm32cubeide/plugins/com.st.stm32cube.ide.mcu.externaltools.gnu-tools-for-stm32.7-2018-q2-update.win32_1.5.0.202011040924/tools/bin/../lib/gcc/arm-none-eabi/7.3.1/thumb/v7e-m/fpv4-sp/hard\libgcc.a(_arm_muldivdf3.o)
 .ARM.attributes
                0x00000000000006bb       0x22 c:/st/stm32cubeide_1.4.0/stm32cubeide/plugins/com.st.stm32cube.ide.mcu.externaltools.gnu-tools-for-stm32.7-2018-q2-update.win32_1.5.0.202011040924/tools/bin/../lib/gcc/arm-none-eabi/7.3.1/thumb/v7e-m/fpv4-sp/hard\libgcc.a(_arm_cmpdf2.o)
 .ARM.attributes
                0x00000000000006dd       0x22 c:/st/stm32cubeide_1.4.0/stm32cubeide/plugins/com.st.stm32cube.ide.mcu.externaltools.gnu-tools-for-stm32.7-2018-q2-update.win32_1.5.0.202011040924/tools/bin/../lib/gcc/arm-none-eabi/7.3.1/thumb/v7e-m/fpv4-sp/hard\libgcc.a(_arm_unorddf2.o)
 .ARM.attributes
                0x00000000000006ff       0x22 c:/st/stm32cubeide_1.4.0/stm32cubeide/plugins/com.st.stm32cube.ide.mcu.externaltools.gnu-tools-for-stm32.7-2018-q2-update.win32_1.5.0.202011040924/tools/bin/../lib/gcc/arm-none-eabi/7.3.1/thumb/v7e-m/fpv4-sp/hard\libgcc.a(_arm_fixdfsi.o)
 .ARM.attributes
                0x0000000000000721       0x22 c:/st/stm32cubeide_1.4.0/stm32cubeide/plugins/com.st.stm32cube.ide.mcu.externaltools.gnu-tools-for-stm32.7-2018-q2-update.win32_1.5.0.202011040924/tools/bin/../lib/gcc/arm-none-eabi/7.3.1/thumb/v7e-m/fpv4-sp/hard\libgcc.a(_arm_fixunsdfsi.o)
 .ARM.attributes
                0x0000000000000743       0x22 c:/st/stm32cubeide_1.4.0/stm32cubeide/plugins/com.st.stm32cube.ide.mcu.externaltools.gnu-tools-for-stm32.7-2018-q2-update.win32_1.5.0.202011040924/tools/bin/../lib/gcc/arm-none-eabi/7.3.1/thumb/v7e-m/fpv4-sp/hard\libgcc.a(_aeabi_uldivmod.o)
 .ARM.attributes
                0x0000000000000765       0x34 c:/st/stm32cubeide_1.4.0/stm32cubeide/plugins/com.st.stm32cube.ide.mcu.externaltools.gnu-tools-for-stm32.7-2018-q2-update.win32_1.5.0.202011040924/tools/bin/../lib/gcc/arm-none-eabi/7.3.1/thumb/v7e-m/fpv4-sp/hard\libgcc.a(_udivmoddi4.o)
 .ARM.attributes
                0x0000000000000799       0x22 c:/st/stm32cubeide_1.4.0/stm32cubeide/plugins/com.st.stm32cube.ide.mcu.externaltools.gnu-tools-for-stm32.7-2018-q2-update.win32_1.5.0.202011040924/tools/bin/../lib/gcc/arm-none-eabi/7.3.1/thumb/v7e-m/fpv4-sp/hard\libgcc.a(_dvmd_tls.o)
 .ARM.attributes
                0x00000000000007bb       0x22 c:/st/stm32cubeide_1.4.0/stm32cubeide/plugins/com.st.stm32cube.ide.mcu.externaltools.gnu-tools-for-stm32.7-2018-q2-update.win32_1.5.0.202011040924/tools/bin/../lib/gcc/arm-none-eabi/7.3.1/thumb/v7e-m/fpv4-sp/hard/crtn.o
OUTPUT(CapteurLidar.elf elf32-littlearm)

.debug_info     0x0000000000000000     0xf478
 .debug_info    0x0000000000000000     0x14af Core/Src/i2c-lcd.o
 .debug_info    0x00000000000014af      0x69f Core/Src/i2c-lidar.o
 .debug_info    0x0000000000001b4e      0x39d Core/Src/libBouton.o
 .debug_info    0x0000000000001eeb      0xf5b Core/Src/libGlobal.o
 .debug_info    0x0000000000002e46     0x13fd Core/Src/main.o
 .debug_info    0x0000000000004243     0x11c3 Core/Src/stm32f4xx_hal_msp.o
 .debug_info    0x0000000000005406      0x705 Core/Src/stm32f4xx_it.o
 .debug_info    0x0000000000005b0b      0x57e Core/Src/system_stm32f4xx.o
 .debug_info    0x0000000000006089       0x22 Core/Startup/startup_stm32f411retx.o
 .debug_info    0x00000000000060ab      0x8d5 Drivers/STM32F4xx_HAL_Driver/Src/stm32f4xx_hal.o
 .debug_info    0x0000000000006980      0xd98 Drivers/STM32F4xx_HAL_Driver/Src/stm32f4xx_hal_cortex.o
 .debug_info    0x0000000000007718      0x7d7 Drivers/STM32F4xx_HAL_Driver/Src/stm32f4xx_hal_gpio.o
 .debug_info    0x0000000000007eef     0x242b Drivers/STM32F4xx_HAL_Driver/Src/stm32f4xx_hal_i2c.o
 .debug_info    0x000000000000a31a      0x92a Drivers/STM32F4xx_HAL_Driver/Src/stm32f4xx_hal_rcc.o
 .debug_info    0x000000000000ac44     0x24a1 Drivers/STM32F4xx_HAL_Driver/Src/stm32f4xx_hal_tim.o
 .debug_info    0x000000000000d0e5     0x114f Drivers/STM32F4xx_HAL_Driver/Src/stm32f4xx_hal_tim_ex.o
 .debug_info    0x000000000000e234     0x1244 Drivers/STM32F4xx_HAL_Driver/Src/stm32f4xx_hal_uart.o

.debug_abbrev   0x0000000000000000     0x1fe4
 .debug_abbrev  0x0000000000000000      0x287 Core/Src/i2c-lcd.o
 .debug_abbrev  0x0000000000000287      0x158 Core/Src/i2c-lidar.o
 .debug_abbrev  0x00000000000003df      0x13a Core/Src/libBouton.o
 .debug_abbrev  0x0000000000000519      0x21d Core/Src/libGlobal.o
 .debug_abbrev  0x0000000000000736      0x210 Core/Src/main.o
 .debug_abbrev  0x0000000000000946      0x1de Core/Src/stm32f4xx_hal_msp.o
 .debug_abbrev  0x0000000000000b24      0x169 Core/Src/stm32f4xx_it.o
 .debug_abbrev  0x0000000000000c8d      0x12b Core/Src/system_stm32f4xx.o
 .debug_abbrev  0x0000000000000db8       0x12 Core/Startup/startup_stm32f411retx.o
 .debug_abbrev  0x0000000000000dca      0x1f2 Drivers/STM32F4xx_HAL_Driver/Src/stm32f4xx_hal.o
 .debug_abbrev  0x0000000000000fbc      0x2fa Drivers/STM32F4xx_HAL_Driver/Src/stm32f4xx_hal_cortex.o
 .debug_abbrev  0x00000000000012b6      0x1c9 Drivers/STM32F4xx_HAL_Driver/Src/stm32f4xx_hal_gpio.o
 .debug_abbrev  0x000000000000147f      0x263 Drivers/STM32F4xx_HAL_Driver/Src/stm32f4xx_hal_i2c.o
 .debug_abbrev  0x00000000000016e2      0x245 Drivers/STM32F4xx_HAL_Driver/Src/stm32f4xx_hal_rcc.o
 .debug_abbrev  0x0000000000001927      0x23f Drivers/STM32F4xx_HAL_Driver/Src/stm32f4xx_hal_tim.o
 .debug_abbrev  0x0000000000001b66      0x22d Drivers/STM32F4xx_HAL_Driver/Src/stm32f4xx_hal_tim_ex.o
 .debug_abbrev  0x0000000000001d93      0x251 Drivers/STM32F4xx_HAL_Driver/Src/stm32f4xx_hal_uart.o

.debug_aranges  0x0000000000000000      0xee8
 .debug_aranges
                0x0000000000000000       0x80 Core/Src/i2c-lcd.o
 .debug_aranges
                0x0000000000000080       0x20 Core/Src/i2c-lidar.o
 .debug_aranges
                0x00000000000000a0       0x58 Core/Src/libBouton.o
 .debug_aranges
                0x00000000000000f8       0x28 Core/Src/libGlobal.o
 .debug_aranges
                0x0000000000000120       0x58 Core/Src/main.o
 .debug_aranges
                0x0000000000000178       0x68 Core/Src/stm32f4xx_hal_msp.o
 .debug_aranges
                0x00000000000001e0       0x68 Core/Src/stm32f4xx_it.o
 .debug_aranges
                0x0000000000000248       0x28 Core/Src/system_stm32f4xx.o
 .debug_aranges
                0x0000000000000270       0x28 Core/Startup/startup_stm32f411retx.o
 .debug_aranges
                0x0000000000000298       0xf0 Drivers/STM32F4xx_HAL_Driver/Src/stm32f4xx_hal.o
 .debug_aranges
                0x0000000000000388      0x118 Drivers/STM32F4xx_HAL_Driver/Src/stm32f4xx_hal_cortex.o
 .debug_aranges
                0x00000000000004a0       0x58 Drivers/STM32F4xx_HAL_Driver/Src/stm32f4xx_hal_gpio.o
 .debug_aranges
                0x00000000000004f8      0x2a0 Drivers/STM32F4xx_HAL_Driver/Src/stm32f4xx_hal_i2c.o
 .debug_aranges
                0x0000000000000798       0x88 Drivers/STM32F4xx_HAL_Driver/Src/stm32f4xx_hal_rcc.o
 .debug_aranges
                0x0000000000000820      0x3a8 Drivers/STM32F4xx_HAL_Driver/Src/stm32f4xx_hal_tim.o
 .debug_aranges
                0x0000000000000bc8      0x150 Drivers/STM32F4xx_HAL_Driver/Src/stm32f4xx_hal_tim_ex.o
 .debug_aranges
                0x0000000000000d18      0x1d0 Drivers/STM32F4xx_HAL_Driver/Src/stm32f4xx_hal_uart.o

.debug_ranges   0x0000000000000000      0xe08
 .debug_ranges  0x0000000000000000       0x70 Core/Src/i2c-lcd.o
 .debug_ranges  0x0000000000000070       0x10 Core/Src/i2c-lidar.o
 .debug_ranges  0x0000000000000080       0x48 Core/Src/libBouton.o
 .debug_ranges  0x00000000000000c8       0x18 Core/Src/libGlobal.o
 .debug_ranges  0x00000000000000e0       0x48 Core/Src/main.o
 .debug_ranges  0x0000000000000128       0x58 Core/Src/stm32f4xx_hal_msp.o
 .debug_ranges  0x0000000000000180       0x58 Core/Src/stm32f4xx_it.o
 .debug_ranges  0x00000000000001d8       0x18 Core/Src/system_stm32f4xx.o
 .debug_ranges  0x00000000000001f0       0x20 Core/Startup/startup_stm32f411retx.o
 .debug_ranges  0x0000000000000210       0xe0 Drivers/STM32F4xx_HAL_Driver/Src/stm32f4xx_hal.o
 .debug_ranges  0x00000000000002f0      0x108 Drivers/STM32F4xx_HAL_Driver/Src/stm32f4xx_hal_cortex.o
 .debug_ranges  0x00000000000003f8       0x48 Drivers/STM32F4xx_HAL_Driver/Src/stm32f4xx_hal_gpio.o
 .debug_ranges  0x0000000000000440      0x2b8 Drivers/STM32F4xx_HAL_Driver/Src/stm32f4xx_hal_i2c.o
 .debug_ranges  0x00000000000006f8       0x78 Drivers/STM32F4xx_HAL_Driver/Src/stm32f4xx_hal_rcc.o
 .debug_ranges  0x0000000000000770      0x398 Drivers/STM32F4xx_HAL_Driver/Src/stm32f4xx_hal_tim.o
 .debug_ranges  0x0000000000000b08      0x140 Drivers/STM32F4xx_HAL_Driver/Src/stm32f4xx_hal_tim_ex.o
 .debug_ranges  0x0000000000000c48      0x1c0 Drivers/STM32F4xx_HAL_Driver/Src/stm32f4xx_hal_uart.o

.debug_macro    0x0000000000000000    0x17214
 .debug_macro   0x0000000000000000      0x3c2 Core/Src/i2c-lcd.o
 .debug_macro   0x00000000000003c2      0xa5a Core/Src/i2c-lcd.o
 .debug_macro   0x0000000000000e1c      0x29a Core/Src/i2c-lcd.o
 .debug_macro   0x00000000000010b6       0x2e Core/Src/i2c-lcd.o
 .debug_macro   0x00000000000010e4       0x28 Core/Src/i2c-lcd.o
 .debug_macro   0x000000000000110c       0x22 Core/Src/i2c-lcd.o
 .debug_macro   0x000000000000112e       0x8e Core/Src/i2c-lcd.o
 .debug_macro   0x00000000000011bc       0x51 Core/Src/i2c-lcd.o
 .debug_macro   0x000000000000120d       0xef Core/Src/i2c-lcd.o
 .debug_macro   0x00000000000012fc       0x6a Core/Src/i2c-lcd.o
 .debug_macro   0x0000000000001366      0x1df Core/Src/i2c-lcd.o
 .debug_macro   0x0000000000001545       0x1c Core/Src/i2c-lcd.o
 .debug_macro   0x0000000000001561       0x22 Core/Src/i2c-lcd.o
 .debug_macro   0x0000000000001583       0xdf Core/Src/i2c-lcd.o
 .debug_macro   0x0000000000001662     0x102d Core/Src/i2c-lcd.o
 .debug_macro   0x000000000000268f      0x11f Core/Src/i2c-lcd.o
 .debug_macro   0x00000000000027ae     0xb937 Core/Src/i2c-lcd.o
 .debug_macro   0x000000000000e0e5       0x43 Core/Src/i2c-lcd.o
 .debug_macro   0x000000000000e128     0x3659 Core/Src/i2c-lcd.o
 .debug_macro   0x0000000000011781      0x174 Core/Src/i2c-lcd.o
 .debug_macro   0x00000000000118f5       0x5a Core/Src/i2c-lcd.o
 .debug_macro   0x000000000001194f      0x447 Core/Src/i2c-lcd.o
 .debug_macro   0x0000000000011d96      0x9fe Core/Src/i2c-lcd.o
 .debug_macro   0x0000000000012794      0x117 Core/Src/i2c-lcd.o
 .debug_macro   0x00000000000128ab      0x11b Core/Src/i2c-lcd.o
 .debug_macro   0x00000000000129c6       0x27 Core/Src/i2c-lcd.o
 .debug_macro   0x00000000000129ed      0x15f Core/Src/i2c-lcd.o
 .debug_macro   0x0000000000012b4c      0x287 Core/Src/i2c-lcd.o
 .debug_macro   0x0000000000012dd3       0x5f Core/Src/i2c-lcd.o
 .debug_macro   0x0000000000012e32      0x236 Core/Src/i2c-lcd.o
 .debug_macro   0x0000000000013068      0x132 Core/Src/i2c-lcd.o
 .debug_macro   0x000000000001319a      0x264 Core/Src/i2c-lcd.o
 .debug_macro   0x00000000000133fe       0x2e Core/Src/i2c-lcd.o
 .debug_macro   0x000000000001342c      0x1b5 Core/Src/i2c-lcd.o
 .debug_macro   0x00000000000135e1       0x22 Core/Src/i2c-lcd.o
 .debug_macro   0x0000000000013603       0xd6 Core/Src/i2c-lcd.o
 .debug_macro   0x00000000000136d9      0x11a Core/Src/i2c-lcd.o
 .debug_macro   0x00000000000137f3       0x85 Core/Src/i2c-lcd.o
 .debug_macro   0x0000000000013878       0x89 Core/Src/i2c-lcd.o
 .debug_macro   0x0000000000013901      0x8a0 Core/Src/i2c-lcd.o
 .debug_macro   0x00000000000141a1       0x47 Core/Src/i2c-lcd.o
 .debug_macro   0x00000000000141e8      0x287 Core/Src/i2c-lcd.o
 .debug_macro   0x000000000001446f      0x126 Core/Src/i2c-lcd.o
 .debug_macro   0x0000000000014595       0x46 Core/Src/i2c-lcd.o
 .debug_macro   0x00000000000145db       0x18 Core/Src/i2c-lcd.o
 .debug_macro   0x00000000000145f3       0x3c Core/Src/i2c-lcd.o
 .debug_macro   0x000000000001462f       0x34 Core/Src/i2c-lcd.o
 .debug_macro   0x0000000000014663       0x16 Core/Src/i2c-lcd.o
 .debug_macro   0x0000000000014679       0x35 Core/Src/i2c-lcd.o
 .debug_macro   0x00000000000146ae      0x32a Core/Src/i2c-lcd.o
 .debug_macro   0x00000000000149d8       0x10 Core/Src/i2c-lcd.o
 .debug_macro   0x00000000000149e8       0x52 Core/Src/i2c-lcd.o
 .debug_macro   0x0000000000014a3a       0x1f Core/Src/i2c-lcd.o
 .debug_macro   0x0000000000014a59       0x43 Core/Src/i2c-lcd.o
 .debug_macro   0x0000000000014a9c       0x20 Core/Src/i2c-lcd.o
 .debug_macro   0x0000000000014abc      0x1a3 Core/Src/i2c-lcd.o
 .debug_macro   0x0000000000014c5f       0x10 Core/Src/i2c-lcd.o
 .debug_macro   0x0000000000014c6f       0x1c Core/Src/i2c-lcd.o
 .debug_macro   0x0000000000014c8b       0x52 Core/Src/i2c-lcd.o
 .debug_macro   0x0000000000014cdd       0x40 Core/Src/i2c-lcd.o
 .debug_macro   0x0000000000014d1d       0x10 Core/Src/i2c-lcd.o
 .debug_macro   0x0000000000014d2d       0x40 Core/Src/i2c-lcd.o
 .debug_macro   0x0000000000014d6d       0xd7 Core/Src/i2c-lcd.o
 .debug_macro   0x0000000000014e44       0x1c Core/Src/i2c-lcd.o
 .debug_macro   0x0000000000014e60       0x3d Core/Src/i2c-lcd.o
 .debug_macro   0x0000000000014e9d       0x16 Core/Src/i2c-lcd.o
 .debug_macro   0x0000000000014eb3      0x145 Core/Src/i2c-lcd.o
 .debug_macro   0x0000000000014ff8       0x16 Core/Src/i2c-lcd.o
 .debug_macro   0x000000000001500e       0x16 Core/Src/i2c-lcd.o
 .debug_macro   0x0000000000015024       0x29 Core/Src/i2c-lcd.o
 .debug_macro   0x000000000001504d       0x16 Core/Src/i2c-lcd.o
 .debug_macro   0x0000000000015063       0x20 Core/Src/i2c-lcd.o
 .debug_macro   0x0000000000015083      0x1e1 Core/Src/i2c-lcd.o
 .debug_macro   0x0000000000015264      0x1f1 Core/Src/i2c-lidar.o
 .debug_macro   0x0000000000015455      0x1ef Core/Src/libBouton.o
 .debug_macro   0x0000000000015644      0x354 Core/Src/libGlobal.o
 .debug_macro   0x0000000000015998      0x206 Core/Src/main.o
 .debug_macro   0x0000000000015b9e       0x58 Core/Src/main.o
 .debug_macro   0x0000000000015bf6      0x1f6 Core/Src/stm32f4xx_hal_msp.o
 .debug_macro   0x0000000000015dec      0x200 Core/Src/stm32f4xx_it.o
 .debug_macro   0x0000000000015fec      0x1ed Core/Src/system_stm32f4xx.o
 .debug_macro   0x00000000000161d9      0x247 Drivers/STM32F4xx_HAL_Driver/Src/stm32f4xx_hal.o
 .debug_macro   0x0000000000016420      0x1e7 Drivers/STM32F4xx_HAL_Driver/Src/stm32f4xx_hal_cortex.o
 .debug_macro   0x0000000000016607      0x21d Drivers/STM32F4xx_HAL_Driver/Src/stm32f4xx_hal_gpio.o
 .debug_macro   0x0000000000016824      0x22e Drivers/STM32F4xx_HAL_Driver/Src/stm32f4xx_hal_i2c.o
 .debug_macro   0x0000000000016a52      0x20b Drivers/STM32F4xx_HAL_Driver/Src/stm32f4xx_hal_rcc.o
 .debug_macro   0x0000000000016c5d      0x1e8 Drivers/STM32F4xx_HAL_Driver/Src/stm32f4xx_hal_tim.o
 .debug_macro   0x0000000000016e45      0x1e7 Drivers/STM32F4xx_HAL_Driver/Src/stm32f4xx_hal_tim_ex.o
 .debug_macro   0x000000000001702c      0x1e8 Drivers/STM32F4xx_HAL_Driver/Src/stm32f4xx_hal_uart.o

.debug_line     0x0000000000000000     0xc602
 .debug_line    0x0000000000000000     0x19c6 Core/Src/i2c-lcd.o
 .debug_line    0x00000000000019c6      0x6f4 Core/Src/i2c-lidar.o
 .debug_line    0x00000000000020ba      0x7bf Core/Src/libBouton.o
 .debug_line    0x0000000000002879      0x8fa Core/Src/libGlobal.o
 .debug_line    0x0000000000003173      0x833 Core/Src/main.o
 .debug_line    0x00000000000039a6      0x7c4 Core/Src/stm32f4xx_hal_msp.o
 .debug_line    0x000000000000416a      0x7ab Core/Src/stm32f4xx_it.o
 .debug_line    0x0000000000004915      0x70d Core/Src/system_stm32f4xx.o
 .debug_line    0x0000000000005022       0x85 Core/Startup/startup_stm32f411retx.o
 .debug_line    0x00000000000050a7      0x8f7 Drivers/STM32F4xx_HAL_Driver/Src/stm32f4xx_hal.o
 .debug_line    0x000000000000599e      0xa1b Drivers/STM32F4xx_HAL_Driver/Src/stm32f4xx_hal_cortex.o
 .debug_line    0x00000000000063b9      0x89a Drivers/STM32F4xx_HAL_Driver/Src/stm32f4xx_hal_gpio.o
 .debug_line    0x0000000000006c53     0x1ba5 Drivers/STM32F4xx_HAL_Driver/Src/stm32f4xx_hal_i2c.o
 .debug_line    0x00000000000087f8      0x94f Drivers/STM32F4xx_HAL_Driver/Src/stm32f4xx_hal_rcc.o
 .debug_line    0x0000000000009147     0x17b4 Drivers/STM32F4xx_HAL_Driver/Src/stm32f4xx_hal_tim.o
 .debug_line    0x000000000000a8fb      0xd02 Drivers/STM32F4xx_HAL_Driver/Src/stm32f4xx_hal_tim_ex.o
 .debug_line    0x000000000000b5fd     0x1005 Drivers/STM32F4xx_HAL_Driver/Src/stm32f4xx_hal_uart.o

.debug_str      0x0000000000000000    0x8fdb8
 .debug_str     0x0000000000000000    0x8becf Core/Src/i2c-lcd.o
                                      0x8c288 (size before relaxing)
 .debug_str     0x000000000008becf       0x35 Core/Src/i2c-lidar.o
                                      0x874a9 (size before relaxing)
 .debug_str     0x000000000008bf04       0xdf Core/Src/libBouton.o
                                      0x870e0 (size before relaxing)
 .debug_str     0x000000000008bfe3      0x21a Core/Src/libGlobal.o
                                      0x8bde5 (size before relaxing)
 .debug_str     0x000000000008c1fd      0x735 Core/Src/main.o
                                      0x87e9f (size before relaxing)
 .debug_str     0x000000000008c932      0x494 Core/Src/stm32f4xx_hal_msp.o
                                      0x87f2e (size before relaxing)
 .debug_str     0x000000000008cdc6       0xcd Core/Src/stm32f4xx_it.o
                                      0x875bc (size before relaxing)
 .debug_str     0x000000000008ce93       0xc4 Core/Src/system_stm32f4xx.o
                                      0x8715c (size before relaxing)
 .debug_str     0x000000000008cf57       0x36 Core/Startup/startup_stm32f411retx.o
                                         0x74 (size before relaxing)
 .debug_str     0x000000000008cf8d      0x58d Drivers/STM32F4xx_HAL_Driver/Src/stm32f4xx_hal.o
                                      0x87ad1 (size before relaxing)
 .debug_str     0x000000000008d51a      0x399 Drivers/STM32F4xx_HAL_Driver/Src/stm32f4xx_hal_cortex.o
                                      0x878ae (size before relaxing)
 .debug_str     0x000000000008d8b3      0x20c Drivers/STM32F4xx_HAL_Driver/Src/stm32f4xx_hal_gpio.o
                                      0x8739b (size before relaxing)
 .debug_str     0x000000000008dabf      0xabe Drivers/STM32F4xx_HAL_Driver/Src/stm32f4xx_hal_i2c.o
                                      0x880bc (size before relaxing)
 .debug_str     0x000000000008e57d      0x24e Drivers/STM32F4xx_HAL_Driver/Src/stm32f4xx_hal_rcc.o
                                      0x87549 (size before relaxing)
 .debug_str     0x000000000008e7cb      0xc44 Drivers/STM32F4xx_HAL_Driver/Src/stm32f4xx_hal_tim.o
                                      0x88256 (size before relaxing)
 .debug_str     0x000000000008f40f      0x4a2 Drivers/STM32F4xx_HAL_Driver/Src/stm32f4xx_hal_tim_ex.o
                                      0x87a56 (size before relaxing)
 .debug_str     0x000000000008f8b1      0x507 Drivers/STM32F4xx_HAL_Driver/Src/stm32f4xx_hal_uart.o
                                      0x87996 (size before relaxing)

.comment        0x0000000000000000       0x7b
 .comment       0x0000000000000000       0x7b Core/Src/i2c-lcd.o
                                         0x7c (size before relaxing)
 .comment       0x000000000000007b       0x7c Core/Src/i2c-lidar.o
 .comment       0x000000000000007b       0x7c Core/Src/libBouton.o
 .comment       0x000000000000007b       0x7c Core/Src/libGlobal.o
 .comment       0x000000000000007b       0x7c Core/Src/main.o
 .comment       0x000000000000007b       0x7c Core/Src/stm32f4xx_hal_msp.o
 .comment       0x000000000000007b       0x7c Core/Src/stm32f4xx_it.o
 .comment       0x000000000000007b       0x7c Core/Src/system_stm32f4xx.o
 .comment       0x000000000000007b       0x7c Drivers/STM32F4xx_HAL_Driver/Src/stm32f4xx_hal.o
 .comment       0x000000000000007b       0x7c Drivers/STM32F4xx_HAL_Driver/Src/stm32f4xx_hal_cortex.o
 .comment       0x000000000000007b       0x7c Drivers/STM32F4xx_HAL_Driver/Src/stm32f4xx_hal_gpio.o
 .comment       0x000000000000007b       0x7c Drivers/STM32F4xx_HAL_Driver/Src/stm32f4xx_hal_i2c.o
 .comment       0x000000000000007b       0x7c Drivers/STM32F4xx_HAL_Driver/Src/stm32f4xx_hal_rcc.o
 .comment       0x000000000000007b       0x7c Drivers/STM32F4xx_HAL_Driver/Src/stm32f4xx_hal_tim.o
 .comment       0x000000000000007b       0x7c Drivers/STM32F4xx_HAL_Driver/Src/stm32f4xx_hal_tim_ex.o
 .comment       0x000000000000007b       0x7c Drivers/STM32F4xx_HAL_Driver/Src/stm32f4xx_hal_uart.o

.debug_frame    0x0000000000000000     0x42c4
 .debug_frame   0x0000000000000000      0x204 Core/Src/i2c-lcd.o
 .debug_frame   0x0000000000000204       0x34 Core/Src/i2c-lidar.o
 .debug_frame   0x0000000000000238      0x11c Core/Src/libBouton.o
 .debug_frame   0x0000000000000354       0x60 Core/Src/libGlobal.o
 .debug_frame   0x00000000000003b4      0x118 Core/Src/main.o
 .debug_frame   0x00000000000004cc      0x178 Core/Src/stm32f4xx_hal_msp.o
 .debug_frame   0x0000000000000644      0x128 Core/Src/stm32f4xx_it.o
 .debug_frame   0x000000000000076c       0x58 Core/Src/system_stm32f4xx.o
 .debug_frame   0x00000000000007c4      0x374 Drivers/STM32F4xx_HAL_Driver/Src/stm32f4xx_hal.o
 .debug_frame   0x0000000000000b38      0x498 Drivers/STM32F4xx_HAL_Driver/Src/stm32f4xx_hal_cortex.o
 .debug_frame   0x0000000000000fd0      0x14c Drivers/STM32F4xx_HAL_Driver/Src/stm32f4xx_hal_gpio.o
 .debug_frame   0x000000000000111c      0xc5c Drivers/STM32F4xx_HAL_Driver/Src/stm32f4xx_hal_i2c.o
 .debug_frame   0x0000000000001d78      0x1f0 Drivers/STM32F4xx_HAL_Driver/Src/stm32f4xx_hal_rcc.o
 .debug_frame   0x0000000000001f68     0x10e8 Drivers/STM32F4xx_HAL_Driver/Src/stm32f4xx_hal_tim.o
 .debug_frame   0x0000000000003050      0x5c0 Drivers/STM32F4xx_HAL_Driver/Src/stm32f4xx_hal_tim_ex.o
 .debug_frame   0x0000000000003610      0x844 Drivers/STM32F4xx_HAL_Driver/Src/stm32f4xx_hal_uart.o
 .debug_frame   0x0000000000003e54       0x20 c:/st/stm32cubeide_1.4.0/stm32cubeide/plugins/com.st.stm32cube.ide.mcu.externaltools.gnu-tools-for-stm32.7-2018-q2-update.win32_1.5.0.202011040924/tools/bin/../lib/gcc/arm-none-eabi/7.3.1/../../../../arm-none-eabi/lib/thumb/v7e-m/fpv4-sp/hard\libc_nano.a(lib_a-errno.o)
 .debug_frame   0x0000000000003e74       0x2c c:/st/stm32cubeide_1.4.0/stm32cubeide/plugins/com.st.stm32cube.ide.mcu.externaltools.gnu-tools-for-stm32.7-2018-q2-update.win32_1.5.0.202011040924/tools/bin/../lib/gcc/arm-none-eabi/7.3.1/../../../../arm-none-eabi/lib/thumb/v7e-m/fpv4-sp/hard\libc_nano.a(lib_a-init.o)
 .debug_frame   0x0000000000003ea0       0x38 c:/st/stm32cubeide_1.4.0/stm32cubeide/plugins/com.st.stm32cube.ide.mcu.externaltools.gnu-tools-for-stm32.7-2018-q2-update.win32_1.5.0.202011040924/tools/bin/../lib/gcc/arm-none-eabi/7.3.1/../../../../arm-none-eabi/lib/thumb/v7e-m/fpv4-sp/hard\libc_nano.a(lib_a-itoa.o)
 .debug_frame   0x0000000000003ed8       0x20 c:/st/stm32cubeide_1.4.0/stm32cubeide/plugins/com.st.stm32cube.ide.mcu.externaltools.gnu-tools-for-stm32.7-2018-q2-update.win32_1.5.0.202011040924/tools/bin/../lib/gcc/arm-none-eabi/7.3.1/../../../../arm-none-eabi/lib/thumb/v7e-m/fpv4-sp/hard\libc_nano.a(lib_a-memset.o)
 .debug_frame   0x0000000000003ef8       0x48 c:/st/stm32cubeide_1.4.0/stm32cubeide/plugins/com.st.stm32cube.ide.mcu.externaltools.gnu-tools-for-stm32.7-2018-q2-update.win32_1.5.0.202011040924/tools/bin/../lib/gcc/arm-none-eabi/7.3.1/../../../../arm-none-eabi/lib/thumb/v7e-m/fpv4-sp/hard\libc_nano.a(lib_a-utoa.o)
 .debug_frame   0x0000000000003f40       0x44 c:/st/stm32cubeide_1.4.0/stm32cubeide/plugins/com.st.stm32cube.ide.mcu.externaltools.gnu-tools-for-stm32.7-2018-q2-update.win32_1.5.0.202011040924/tools/bin/../lib/gcc/arm-none-eabi/7.3.1/../../../../arm-none-eabi/lib/thumb/v7e-m/fpv4-sp/hard\libm.a(lib_a-w_log10.o)
 .debug_frame   0x0000000000003f84       0x38 c:/st/stm32cubeide_1.4.0/stm32cubeide/plugins/com.st.stm32cube.ide.mcu.externaltools.gnu-tools-for-stm32.7-2018-q2-update.win32_1.5.0.202011040924/tools/bin/../lib/gcc/arm-none-eabi/7.3.1/../../../../arm-none-eabi/lib/thumb/v7e-m/fpv4-sp/hard\libm.a(lib_a-e_log10.o)
 .debug_frame   0x0000000000003fbc       0x20 c:/st/stm32cubeide_1.4.0/stm32cubeide/plugins/com.st.stm32cube.ide.mcu.externaltools.gnu-tools-for-stm32.7-2018-q2-update.win32_1.5.0.202011040924/tools/bin/../lib/gcc/arm-none-eabi/7.3.1/../../../../arm-none-eabi/lib/thumb/v7e-m/fpv4-sp/hard\libm.a(lib_a-s_matherr.o)
 .debug_frame   0x0000000000003fdc       0x20 c:/st/stm32cubeide_1.4.0/stm32cubeide/plugins/com.st.stm32cube.ide.mcu.externaltools.gnu-tools-for-stm32.7-2018-q2-update.win32_1.5.0.202011040924/tools/bin/../lib/gcc/arm-none-eabi/7.3.1/../../../../arm-none-eabi/lib/thumb/v7e-m/fpv4-sp/hard\libm.a(lib_a-s_nan.o)
 .debug_frame   0x0000000000003ffc       0x40 c:/st/stm32cubeide_1.4.0/stm32cubeide/plugins/com.st.stm32cube.ide.mcu.externaltools.gnu-tools-for-stm32.7-2018-q2-update.win32_1.5.0.202011040924/tools/bin/../lib/gcc/arm-none-eabi/7.3.1/../../../../arm-none-eabi/lib/thumb/v7e-m/fpv4-sp/hard\libm.a(lib_a-e_log.o)
 .debug_frame   0x000000000000403c       0xac c:/st/stm32cubeide_1.4.0/stm32cubeide/plugins/com.st.stm32cube.ide.mcu.externaltools.gnu-tools-for-stm32.7-2018-q2-update.win32_1.5.0.202011040924/tools/bin/../lib/gcc/arm-none-eabi/7.3.1/thumb/v7e-m/fpv4-sp/hard\libgcc.a(_arm_addsubdf3.o)
 .debug_frame   0x00000000000040e8       0x50 c:/st/stm32cubeide_1.4.0/stm32cubeide/plugins/com.st.stm32cube.ide.mcu.externaltools.gnu-tools-for-stm32.7-2018-q2-update.win32_1.5.0.202011040924/tools/bin/../lib/gcc/arm-none-eabi/7.3.1/thumb/v7e-m/fpv4-sp/hard\libgcc.a(_arm_muldivdf3.o)
 .debug_frame   0x0000000000004138       0xc4 c:/st/stm32cubeide_1.4.0/stm32cubeide/plugins/com.st.stm32cube.ide.mcu.externaltools.gnu-tools-for-stm32.7-2018-q2-update.win32_1.5.0.202011040924/tools/bin/../lib/gcc/arm-none-eabi/7.3.1/thumb/v7e-m/fpv4-sp/hard\libgcc.a(_arm_cmpdf2.o)
 .debug_frame   0x00000000000041fc       0x20 c:/st/stm32cubeide_1.4.0/stm32cubeide/plugins/com.st.stm32cube.ide.mcu.externaltools.gnu-tools-for-stm32.7-2018-q2-update.win32_1.5.0.202011040924/tools/bin/../lib/gcc/arm-none-eabi/7.3.1/thumb/v7e-m/fpv4-sp/hard\libgcc.a(_arm_unorddf2.o)
 .debug_frame   0x000000000000421c       0x24 c:/st/stm32cubeide_1.4.0/stm32cubeide/plugins/com.st.stm32cube.ide.mcu.externaltools.gnu-tools-for-stm32.7-2018-q2-update.win32_1.5.0.202011040924/tools/bin/../lib/gcc/arm-none-eabi/7.3.1/thumb/v7e-m/fpv4-sp/hard\libgcc.a(_arm_fixdfsi.o)
 .debug_frame   0x0000000000004240       0x24 c:/st/stm32cubeide_1.4.0/stm32cubeide/plugins/com.st.stm32cube.ide.mcu.externaltools.gnu-tools-for-stm32.7-2018-q2-update.win32_1.5.0.202011040924/tools/bin/../lib/gcc/arm-none-eabi/7.3.1/thumb/v7e-m/fpv4-sp/hard\libgcc.a(_arm_fixunsdfsi.o)
 .debug_frame   0x0000000000004264       0x2c c:/st/stm32cubeide_1.4.0/stm32cubeide/plugins/com.st.stm32cube.ide.mcu.externaltools.gnu-tools-for-stm32.7-2018-q2-update.win32_1.5.0.202011040924/tools/bin/../lib/gcc/arm-none-eabi/7.3.1/thumb/v7e-m/fpv4-sp/hard\libgcc.a(_aeabi_uldivmod.o)
 .debug_frame   0x0000000000004290       0x34 c:/st/stm32cubeide_1.4.0/stm32cubeide/plugins/com.st.stm32cube.ide.mcu.externaltools.gnu-tools-for-stm32.7-2018-q2-update.win32_1.5.0.202011040924/tools/bin/../lib/gcc/arm-none-eabi/7.3.1/thumb/v7e-m/fpv4-sp/hard\libgcc.a(_udivmoddi4.o)
